Archive member included because of file (symbol)

c:/dev/ac6/systemworkbench/plugins/fr.ac6.mcu.externaltools.arm-none.win32_1.2.0.201505291716/tools/compiler/bin/../lib/gcc/arm-none-eabi/4.9.3/armv7e-m\libgcc.a(_arm_addsubdf3.o)
                              src/main.o (__aeabi_ui2d)
c:/dev/ac6/systemworkbench/plugins/fr.ac6.mcu.externaltools.arm-none.win32_1.2.0.201505291716/tools/compiler/bin/../lib/gcc/arm-none-eabi/4.9.3/armv7e-m\libgcc.a(_arm_muldivdf3.o)
                              src/hrtim.o (__aeabi_dmul)
c:/dev/ac6/systemworkbench/plugins/fr.ac6.mcu.externaltools.arm-none.win32_1.2.0.201505291716/tools/compiler/bin/../lib/gcc/arm-none-eabi/4.9.3/armv7e-m\libgcc.a(_arm_truncdfsf2.o)
                              src/hrtim.o (__aeabi_d2f)
c:/dev/ac6/systemworkbench/plugins/fr.ac6.mcu.externaltools.arm-none.win32_1.2.0.201505291716/tools/compiler/bin/../lib/gcc/arm-none-eabi/4.9.3/armv7e-m\libgcc.a(_arm_muldivsf3.o)
                              src/hrtim.o (__aeabi_fmul)
c:/dev/ac6/systemworkbench/plugins/fr.ac6.mcu.externaltools.arm-none.win32_1.2.0.201505291716/tools/compiler/bin/../lib/gcc/arm-none-eabi/4.9.3/armv7e-m\libgcc.a(_arm_fixunssfsi.o)
                              src/hrtim.o (__aeabi_f2uiz)
c:/dev/ac6/systemworkbench/plugins/fr.ac6.mcu.externaltools.arm-none.win32_1.2.0.201505291716/tools/compiler/bin/../lib/gcc/arm-none-eabi/4.9.3/../../../../arm-none-eabi/lib/armv7e-m\libc.a(lib_a-errno.o)
                              src/syscalls.o (__errno)
c:/dev/ac6/systemworkbench/plugins/fr.ac6.mcu.externaltools.arm-none.win32_1.2.0.201505291716/tools/compiler/bin/../lib/gcc/arm-none-eabi/4.9.3/../../../../arm-none-eabi/lib/armv7e-m\libc.a(lib_a-exit.o)
                              c:/dev/ac6/systemworkbench/plugins/fr.ac6.mcu.externaltools.arm-none.win32_1.2.0.201505291716/tools/compiler/bin/../lib/gcc/arm-none-eabi/4.9.3/../../../../arm-none-eabi/lib/armv7e-m/crt0.o (exit)
c:/dev/ac6/systemworkbench/plugins/fr.ac6.mcu.externaltools.arm-none.win32_1.2.0.201505291716/tools/compiler/bin/../lib/gcc/arm-none-eabi/4.9.3/../../../../arm-none-eabi/lib/armv7e-m\libc.a(lib_a-impure.o)
                              c:/dev/ac6/systemworkbench/plugins/fr.ac6.mcu.externaltools.arm-none.win32_1.2.0.201505291716/tools/compiler/bin/../lib/gcc/arm-none-eabi/4.9.3/../../../../arm-none-eabi/lib/armv7e-m\libc.a(lib_a-exit.o) (_global_impure_ptr)
c:/dev/ac6/systemworkbench/plugins/fr.ac6.mcu.externaltools.arm-none.win32_1.2.0.201505291716/tools/compiler/bin/../lib/gcc/arm-none-eabi/4.9.3/../../../../arm-none-eabi/lib/armv7e-m\libc.a(lib_a-init.o)
                              c:/dev/ac6/systemworkbench/plugins/fr.ac6.mcu.externaltools.arm-none.win32_1.2.0.201505291716/tools/compiler/bin/../lib/gcc/arm-none-eabi/4.9.3/../../../../arm-none-eabi/lib/armv7e-m/crt0.o (__libc_init_array)
c:/dev/ac6/systemworkbench/plugins/fr.ac6.mcu.externaltools.arm-none.win32_1.2.0.201505291716/tools/compiler/bin/../lib/gcc/arm-none-eabi/4.9.3/../../../../arm-none-eabi/lib/armv7e-m\libc.a(lib_a-memset.o)
                              c:/dev/ac6/systemworkbench/plugins/fr.ac6.mcu.externaltools.arm-none.win32_1.2.0.201505291716/tools/compiler/bin/../lib/gcc/arm-none-eabi/4.9.3/../../../../arm-none-eabi/lib/armv7e-m/crt0.o (memset)
c:/dev/ac6/systemworkbench/plugins/fr.ac6.mcu.externaltools.arm-none.win32_1.2.0.201505291716/tools/compiler/bin/../lib/gcc/arm-none-eabi/4.9.3/../../../../arm-none-eabi/lib/armv7e-m\libc.a(lib_a-printf.o)
                              src/SI5328.o (printf)
c:/dev/ac6/systemworkbench/plugins/fr.ac6.mcu.externaltools.arm-none.win32_1.2.0.201505291716/tools/compiler/bin/../lib/gcc/arm-none-eabi/4.9.3/../../../../arm-none-eabi/lib/armv7e-m\libc.a(lib_a-setvbuf.o)
                              src/main.o (setvbuf)
c:/dev/ac6/systemworkbench/plugins/fr.ac6.mcu.externaltools.arm-none.win32_1.2.0.201505291716/tools/compiler/bin/../lib/gcc/arm-none-eabi/4.9.3/../../../../arm-none-eabi/lib/armv7e-m\libc.a(lib_a-vfprintf.o)
                              c:/dev/ac6/systemworkbench/plugins/fr.ac6.mcu.externaltools.arm-none.win32_1.2.0.201505291716/tools/compiler/bin/../lib/gcc/arm-none-eabi/4.9.3/../../../../arm-none-eabi/lib/armv7e-m\libc.a(lib_a-printf.o) (_vfprintf_r)
c:/dev/ac6/systemworkbench/plugins/fr.ac6.mcu.externaltools.arm-none.win32_1.2.0.201505291716/tools/compiler/bin/../lib/gcc/arm-none-eabi/4.9.3/../../../../arm-none-eabi/lib/armv7e-m\libc.a(lib_a-wsetup.o)
                              c:/dev/ac6/systemworkbench/plugins/fr.ac6.mcu.externaltools.arm-none.win32_1.2.0.201505291716/tools/compiler/bin/../lib/gcc/arm-none-eabi/4.9.3/../../../../arm-none-eabi/lib/armv7e-m\libc.a(lib_a-vfprintf.o) (__swsetup_r)
c:/dev/ac6/systemworkbench/plugins/fr.ac6.mcu.externaltools.arm-none.win32_1.2.0.201505291716/tools/compiler/bin/../lib/gcc/arm-none-eabi/4.9.3/../../../../arm-none-eabi/lib/armv7e-m\libc.a(lib_a-__call_atexit.o)
[...]
Memory Configuration

Name             Origin             Length             Attributes
FLASH            0x08000000         0x00010000         xr
RAM              0x20000000         0x00003000         xrw
*default*        0x00000000         0xffffffff

Linker script and memory map

LOAD c:/dev/ac6/systemworkbench/plugins/fr.ac6.mcu.externaltools.arm-none.win32_1.2.0.201505291716/tools/compiler/bin/../lib/gcc/arm-none-eabi/4.9.3/armv7e-m/crti.o
LOAD c:/dev/ac6/systemworkbench/plugins/fr.ac6.mcu.externaltools.arm-none.win32_1.2.0.201505291716/tools/compiler/bin/../lib/gcc/arm-none-eabi/4.9.3/armv7e-m/crtbegin.o
LOAD c:/dev/ac6/systemworkbench/plugins/fr.ac6.mcu.externaltools.arm-none.win32_1.2.0.201505291716/tools/compiler/bin/../lib/gcc/arm-none-eabi/4.9.3/../../../../arm-none-eabi/lib/armv7e-m/crt0.o
LOAD c:/dev/ac6/systemworkbench/plugins/fr.ac6.mcu.externaltools.arm-none.win32_1.2.0.201505291716/tools/compiler/bin/../lib/gcc/arm-none-eabi/4.9.3/../../../../arm-none-eabi/lib/armv7e-m\libm.a
LOAD startup/startup_stm32f334x8.o
LOAD src/SI5328.o
LOAD src/gpio.o
LOAD src/hrtim.o
LOAD src/i2c.o
LOAD src/main.o
LOAD src/stm32f3xx_it.o
LOAD src/syscalls.o
LOAD src/system_stm32f3xx.o
LOAD src/tim.o
LOAD src/usart.o
LOAD Utilities/STM32F3xx-Nucleo/stm32f3xx_nucleo.o
LOAD HAL_Driver/Src/stm32f3xx_hal.o
LOAD HAL_Driver/Src/stm32f3xx_hal_adc.o
LOAD HAL_Driver/Src/stm32f3xx_hal_adc_ex.o
LOAD HAL_Driver/Src/stm32f3xx_hal_can.o
LOAD HAL_Driver/Src/stm32f3xx_hal_cec.o
LOAD HAL_Driver/Src/stm32f3xx_hal_comp.o
LOAD HAL_Driver/Src/stm32f3xx_hal_cortex.o
LOAD HAL_Driver/Src/stm32f3xx_hal_crc.o
LOAD HAL_Driver/Src/stm32f3xx_hal_crc_ex.o
LOAD HAL_Driver/Src/stm32f3xx_hal_dac.o
LOAD HAL_Driver/Src/stm32f3xx_hal_dac_ex.o
LOAD HAL_Driver/Src/stm32f3xx_hal_dma.o
LOAD HAL_Driver/Src/stm32f3xx_hal_flash.o
LOAD HAL_Driver/Src/stm32f3xx_hal_flash_ex.o
LOAD HAL_Driver/Src/stm32f3xx_hal_gpio.o
LOAD HAL_Driver/Src/stm32f3xx_hal_hrtim.o
LOAD HAL_Driver/Src/stm32f3xx_hal_i2c.o
LOAD HAL_Driver/Src/stm32f3xx_hal_i2c_ex.o
LOAD HAL_Driver/Src/stm32f3xx_hal_i2s.o
LOAD HAL_Driver/Src/stm32f3xx_hal_i2s_ex.o
LOAD HAL_Driver/Src/stm32f3xx_hal_irda.o
LOAD HAL_Driver/Src/stm32f3xx_hal_iwdg.o
LOAD HAL_Driver/Src/stm32f3xx_hal_msp_template.o
LOAD HAL_Driver/Src/stm32f3xx_hal_nand.o
LOAD HAL_Driver/Src/stm32f3xx_hal_nor.o
LOAD HAL_Driver/Src/stm32f3xx_hal_opamp.o
LOAD HAL_Driver/Src/stm32f3xx_hal_opamp_ex.o
LOAD HAL_Driver/Src/stm32f3xx_hal_pccard.o
LOAD HAL_Driver/Src/stm32f3xx_hal_pcd.o
LOAD HAL_Driver/Src/stm32f3xx_hal_pcd_ex.o
LOAD HAL_Driver/Src/stm32f3xx_hal_ppp.o
LOAD HAL_Driver/Src/stm32f3xx_hal_pwr.o
LOAD HAL_Driver/Src/stm32f3xx_hal_pwr_ex.o
LOAD HAL_Driver/Src/stm32f3xx_hal_rcc.o
LOAD HAL_Driver/Src/stm32f3xx_hal_rcc_ex.o
LOAD HAL_Driver/Src/stm32f3xx_hal_rtc.o
LOAD HAL_Driver/Src/stm32f3xx_hal_rtc_ex.o
LOAD HAL_Driver/Src/stm32f3xx_hal_sdadc.o
LOAD HAL_Driver/Src/stm32f3xx_hal_smartcard.o
LOAD HAL_Driver/Src/stm32f3xx_hal_smartcard_ex.o
LOAD HAL_Driver/Src/stm32f3xx_hal_smbus.o
LOAD HAL_Driver/Src/stm32f3xx_hal_spi.o
LOAD HAL_Driver/Src/stm32f3xx_hal_sram.o
LOAD HAL_Driver/Src/stm32f3xx_hal_tim.o
LOAD HAL_Driver/Src/stm32f3xx_hal_tim_ex.o
LOAD HAL_Driver/Src/stm32f3xx_hal_tsc.o
LOAD HAL_Driver/Src/stm32f3xx_hal_uart.o
LOAD HAL_Driver/Src/stm32f3xx_hal_uart_ex.o
LOAD HAL_Driver/Src/stm32f3xx_hal_usart.o
LOAD HAL_Driver/Src/stm32f3xx_hal_wwdg.o
LOAD HAL_Driver/Src/stm32f3xx_ll_fmc.o
START GROUP
LOAD c:/dev/ac6/systemworkbench/plugins/fr.ac6.mcu.externaltools.arm-none.win32_1.2.0.201505291716/tools/compiler/bin/../lib/gcc/arm-none-eabi/4.9.3/armv7e-m\libgcc.a
LOAD c:/dev/ac6/systemworkbench/plugins/fr.ac6.mcu.externaltools.arm-none.win32_1.2.0.201505291716/tools/compiler/bin/../lib/gcc/arm-none-eabi/4.9.3/../../../../arm-none-eabi/lib/armv7e-m\libc.a
END GROUP
LOAD c:/dev/ac6/systemworkbench/plugins/fr.ac6.mcu.externaltools.arm-none.win32_1.2.0.201505291716/tools/compiler/bin/../lib/gcc/arm-none-eabi/4.9.3/armv7e-m/crtend.o
LOAD c:/dev/ac6/systemworkbench/plugins/fr.ac6.mcu.externaltools.arm-none.win32_1.2.0.201505291716/tools/compiler/bin/../lib/gcc/arm-none-eabi/4.9.3/armv7e-m/crtn.o
                0x20002fff                _estack = 0x20002fff
                0x00000200                _Min_Heap_Size = 0x200
                0x00000400                _Min_Stack_Size = 0x400

.isr_vector     0x08000000      0x188
                0x08000000                . = ALIGN (0x4)
 *(.isr_vector)
 .isr_vector    0x08000000      0x188 startup/startup_stm32f334x8.o
                0x08000000                g_pfnVectors
                0x08000188                . = ALIGN (0x4)

.text           0x08000188     0x8e34
                0x08000188                . = ALIGN (0x4)
 *(.text)
 .text          0x08000188       0x5c c:/dev/ac6/systemworkbench/plugins/fr.ac6.mcu.externaltools.arm-none.win32_1.2.0.201505291716/tools/compiler/bin/../lib/gcc/arm-none-eabi/4.9.3/armv7e-m/crtbegin.o
 .text          0x080001e4      0x370 c:/dev/ac6/systemworkbench/plugins/fr.ac6.mcu.externaltools.arm-none.win32_1.2.0.201505291716/tools/compiler/bin/../lib/gcc/arm-none-eabi/4.9.3/armv7e-m\libgcc.a(_arm_addsubdf3.o)
                0x080001e4                __aeabi_drsub
                0x080001ec                __aeabi_dsub
                0x080001ec                __subdf3
                0x080001f0                __aeabi_dadd
                0x080001f0                __adddf3
                0x08000468                __floatunsidf
                0x08000468                __aeabi_ui2d
                0x08000488                __floatsidf
                0x08000488                __aeabi_i2d
                0x080004ac                __aeabi_f2d
                0x080004ac                __extendsfdf2
                0x080004e8                __floatundidf
                0x080004e8                __aeabi_ul2d
                0x080004f8                __floatdidf
                0x080004f8                __aeabi_l2d
 .text          0x08000554      0x424 c:/dev/ac6/systemworkbench/plugins/fr.ac6.mcu.externaltools.arm-none.win32_1.2.0.201505291716/tools/compiler/bin/../lib/gcc/arm-none-eabi/4.9.3/armv7e-m\libgcc.a(_arm_muldivdf3.o)
                0x08000554                __aeabi_dmul
                0x08000554                __muldf3
                0x080007a8                __divdf3
                0x080007a8                __aeabi_ddiv
 .text          0x08000978      0x134 c:/dev/ac6/systemworkbench/plugins/fr.ac6.mcu.externaltools.arm-none.win32_1.2.0.201505291716/tools/compiler/bin/../lib/gcc/arm-none-eabi/4.9.3/../../../../arm-none-eabi/lib/armv7e-m\libc.a(lib_a-memcpy.o)
                0x08000978                memcpy
 .text          0x08000aac      0x110 c:/dev/ac6/systemworkbench/plugins/fr.ac6.mcu.externaltools.arm-none.win32_1.2.0.201505291716/tools/compiler/bin/../lib/gcc/arm-none-eabi/4.9.3/armv7e-m\libgcc.a(_arm_cmpdf2.o)
                0x08000aac                __gtdf2
                0x08000aac                __gedf2
                0x08000ab4                __ltdf2
                0x08000ab4                __ledf2
                0x08000abc                __nedf2
                0x08000abc                __eqdf2
                0x08000abc                __cmpdf2
                0x08000b38                __aeabi_cdrcmple
                0x08000b48                __aeabi_cdcmpeq
                0x08000b48                __aeabi_cdcmple
                0x08000b58                __aeabi_dcmpeq
                0x08000b6c                __aeabi_dcmplt
                0x08000b80                __aeabi_dcmple
                0x08000b94                __aeabi_dcmpge
                0x08000ba8                __aeabi_dcmpgt
 .text          0x08000bbc       0x50 c:/dev/ac6/systemworkbench/plugins/fr.ac6.mcu.externaltools.arm-none.win32_1.2.0.201505291716/tools/compiler/bin/../lib/gcc/arm-none-eabi/4.9.3/armv7e-m\libgcc.a(_arm_fixdfsi.o)
                0x08000bbc                __aeabi_d2iz
                0x08000bbc                __fixdfsi
 .text          0x08000c0c       0x30 c:/dev/ac6/systemworkbench/plugins/fr.ac6.mcu.externaltools.arm-none.win32_1.2.0.201505291716/tools/compiler/bin/../lib/gcc/arm-none-eabi/4.9.3/armv7e-m\libgcc.a(_aeabi_uldivmod.o)
                0x08000c0c                __aeabi_uldivmod
 .text          0x08000c3c       0x60 c:/dev/ac6/systemworkbench/plugins/fr.ac6.mcu.externaltools.arm-none.win32_1.2.0.201505291716/tools/compiler/bin/../lib/gcc/arm-none-eabi/4.9.3/armv7e-m\libgcc.a(bpabi.o)
                0x08000c3c                __gnu_ldivmod_helper
                0x08000c6c                __gnu_uldivmod_helper
 .text          0x08000c9c        0x4 c:/dev/ac6/systemworkbench/plugins/fr.ac6.mcu.externaltools.arm-none.win32_1.2.0.201505291716/tools/compiler/bin/../lib/gcc/arm-none-eabi/4.9.3/armv7e-m\libgcc.a(_dvmd_tls.o)
                0x08000c9c                __aeabi_idiv0
                0x08000c9c                __aeabi_ldiv0
 .text          0x08000ca0      0x29c c:/dev/ac6/systemworkbench/plugins/fr.ac6.mcu.externaltools.arm-none.win32_1.2.0.201505291716/tools/compiler/bin/../lib/gcc/arm-none-eabi/4.9.3/armv7e-m\libgcc.a(_divdi3.o)
                0x08000ca0                __divdi3
 .text          0x08000f3c      0x26c c:/dev/ac6/systemworkbench/plugins/fr.ac6.mcu.externaltools.arm-none.win32_1.2.0.201505291716/tools/compiler/bin/../lib/gcc/arm-none-eabi/4.9.3/armv7e-m\libgcc.a(_udivdi3.o)
                0x08000f3c                __udivdi3
 *(.text*)
 .text.Reset_Handler
                0x080011a8       0x50 startup/startup_stm32f334x8.o
                0x080011a8                Reset_Handler
 .text.Default_Handler
                0x080011f8        0x2 startup/startup_stm32f334x8.o
                0x080011f8                RTC_Alarm_IRQHandler
                0x080011f8                HRTIM1_Master_IRQHandler
                0x080011f8                DebugMon_Handler
                0x080011f8                TIM1_CC_IRQHandler
                0x080011f8                HardFault_Handler
                0x080011f8                HRTIM1_FLT_IRQHandler
                0x080011f8                PVD_IRQHandler
                0x080011f8                HRTIM1_TIMD_IRQHandler
                0x080011f8                TAMP_STAMP_IRQHandler
                0x080011f8                PendSV_Handler
                0x080011f8                NMI_Handler
                0x080011f8                EXTI3_IRQHandler
                0x080011f8                EXTI0_IRQHandler
                0x080011f8                FPU_IRQHandler
                0x080011f8                CAN_TX_IRQHandler
                0x080011f8                UsageFault_Handler
                0x080011f8                ADC1_2_IRQHandler
                0x080011f8                HRTIM1_TIME_IRQHandler
                0x080011f8                SPI1_IRQHandler
                0x080011f8                CAN_SCE_IRQHandler
                0x080011f8                HRTIM1_TIMC_IRQHandler
                0x080011f8                DMA1_Channel4_IRQHandler
                0x080011f8                USART3_IRQHandler
                0x080011f8                DMA1_Channel7_IRQHandler
                0x080011f8                TIM7_DAC2_IRQHandler
                0x080011f8                CAN_RX1_IRQHandler
                0x080011f8                I2C1_EV_IRQHandler
                0x080011f8                DMA1_Channel6_IRQHandler
                0x080011f8                TIM3_IRQHandler
                0x080011f8                RCC_IRQHandler
                0x080011f8                DMA1_Channel1_IRQHandler
                0x080011f8                Default_Handler
                0x080011f8                EXTI15_10_IRQHandler
                0x080011f8                COMP2_IRQHandler
                0x080011f8                HRTIM1_TIMA_IRQHandler
                0x080011f8                TIM6_DAC1_IRQHandler
                0x080011f8                EXTI9_5_IRQHandler
                0x080011f8                RTC_WKUP_IRQHandler
                0x080011f8                MemManage_Handler
                0x080011f8                SVC_Handler
                0x080011f8                DMA1_Channel5_IRQHandler
                0x080011f8                EXTI4_IRQHandler
                0x080011f8                HRTIM1_TIMB_IRQHandler
                0x080011f8                TIM1_TRG_COM_TIM17_IRQHandler
                0x080011f8                DMA1_Channel3_IRQHandler
                0x080011f8                WWDG_IRQHandler
                0x080011f8                EXTI1_IRQHandler
                0x080011f8                COMP4_6_IRQHandler
                0x080011f8                USART2_IRQHandler
                0x080011f8                DMA1_Channel2_IRQHandler
                0x080011f8                FLASH_IRQHandler
                0x080011f8                BusFault_Handler
                0x080011f8                USART1_IRQHandler
                0x080011f8                CAN_RX0_IRQHandler
                0x080011f8                I2C1_ER_IRQHandler
                0x080011f8                EXTI2_TSC_IRQHandler
                0x080011f8                TIM1_BRK_TIM15_IRQHandler
 *fill*         0x080011fa        0x2 
 .text.SI5328_Init
                0x080011fc       0xb8 src/SI5328.o
                0x080011fc                SI5328_Init
 .text.getDigitalHold
                0x080012b4       0x10 src/SI5328.o
                0x080012b4                getDigitalHold
 .text.SI5328_Info
                0x080012c4       0x7c src/SI5328.o
                0x080012c4                SI5328_Info
 .text.MX_GPIO_Init
                0x08001340       0xa0 src/gpio.o
                0x08001340                MX_GPIO_Init
 .text.MX_HRTIM1_Init
                0x080013e0      0x14c src/hrtim.o
                0x080013e0                MX_HRTIM1_Init
 .text.HAL_HRTIM_MspInit
                0x0800152c       0x44 src/hrtim.o
                0x0800152c                HAL_HRTIM_MspInit
 .text.i2c_ByteRead
                0x08001570       0xb4 src/i2c.o
                0x08001570                i2c_ByteRead
 .text.i2c_ByteWrite
                0x08001624       0x5c src/i2c.o
                0x08001624                i2c_ByteWrite
 .text.MX_I2C1_Init
                0x08001680       0x3c src/i2c.o
                0x08001680                MX_I2C1_Init
 .text.HAL_I2C_MspInit
                0x080016bc       0x48 src/i2c.o
                0x080016bc                HAL_I2C_MspInit
 .text.HAL_TIM_PeriodElapsedCallback
                0x08001704       0x1c src/main.o
                0x08001704                HAL_TIM_PeriodElapsedCallback
 .text.HAL_TIM_IC_CaptureCallback
                0x08001720       0x64 src/main.o
                0x08001720                HAL_TIM_IC_CaptureCallback
 .text.SystemClock_Config
                0x08001784       0x74 src/main.o
                0x08001784                SystemClock_Config
 .text.startup.main
                0x080017f8      0x1f0 src/main.o
                0x080017f8                main
 .text.SysTick_Handler
                0x080019e8       0x10 src/stm32f3xx_it.o
                0x080019e8                SysTick_Handler
 .text.TIM2_IRQHandler
                0x080019f8        0xc src/stm32f3xx_it.o
                0x080019f8                TIM2_IRQHandler
 .text.TIM1_UP_TIM16_IRQHandler
                0x08001a04        0xc src/stm32f3xx_it.o
                0x08001a04                TIM1_UP_TIM16_IRQHandler
 .text._read    0x08001a10       0x1c src/syscalls.o
                0x08001a10                _read
 .text._write   0x08001a2c       0x18 src/syscalls.o
                0x08001a2c                _write
 .text._sbrk    0x08001a44       0x34 src/syscalls.o
                0x08001a44                _sbrk
 .text._close   0x08001a78        0x8 src/syscalls.o
                0x08001a78                _close
 .text._fstat   0x08001a80        0xc src/syscalls.o
                0x08001a80                _fstat
 .text._isatty  0x08001a8c        0x4 src/syscalls.o
                0x08001a8c                _isatty
 .text._lseek   0x08001a90        0x4 src/syscalls.o
                0x08001a90                _lseek
 .text.SystemInit
                0x08001a94       0x64 src/system_stm32f3xx.o
                0x08001a94                SystemInit
 .text.MX_TIM2_Init
                0x08001af8       0x4c src/tim.o
                0x08001af8                MX_TIM2_Init
 .text.MX_TIM16_Init
                0x08001b44       0x4c src/tim.o
                0x08001b44                MX_TIM16_Init
 .text.HAL_TIM_Base_MspInit
                0x08001b90       0x30 src/tim.o
                0x08001b90                HAL_TIM_Base_MspInit
 .text.HAL_TIM_IC_MspInit
                0x08001bc0       0x54 src/tim.o
                0x08001bc0                HAL_TIM_IC_MspInit
 .text.MX_USART2_UART_Init
                0x08001c14       0x34 src/usart.o
                0x08001c14                MX_USART2_UART_Init
 .text.HAL_UART_MspInit
                0x08001c48       0x40 src/usart.o
                0x08001c48                HAL_UART_MspInit
 .text.HAL_InitTick
                0x08001c88       0x28 HAL_Driver/Src/stm32f3xx_hal.o
                0x08001c88                HAL_InitTick
 .text.HAL_Init
                0x08001cb0       0x24 HAL_Driver/Src/stm32f3xx_hal.o
                0x08001cb0                HAL_Init
 .text.HAL_IncTick
                0x08001cd4       0x10 HAL_Driver/Src/stm32f3xx_hal.o
                0x08001cd4                HAL_IncTick
 .text.HAL_GetTick
                0x08001ce4        0xc HAL_Driver/Src/stm32f3xx_hal.o
                0x08001ce4                HAL_GetTick
 .text.HAL_Delay
                0x08001cf0       0x1c HAL_Driver/Src/stm32f3xx_hal.o
                0x08001cf0                HAL_Delay
 .text.HAL_NVIC_SetPriorityGrouping
                0x08001d0c       0x24 HAL_Driver/Src/stm32f3xx_hal_cortex.o
                0x08001d0c                HAL_NVIC_SetPriorityGrouping
 .text.HAL_NVIC_SetPriority
                0x08001d30       0x6c HAL_Driver/Src/stm32f3xx_hal_cortex.o
                0x08001d30                HAL_NVIC_SetPriority
 .text.HAL_NVIC_EnableIRQ
                0x08001d9c       0x18 HAL_Driver/Src/stm32f3xx_hal_cortex.o
                0x08001d9c                HAL_NVIC_EnableIRQ
 .text.HAL_SYSTICK_Config
                0x08001db4       0x34 HAL_Driver/Src/stm32f3xx_hal_cortex.o
                0x08001db4                HAL_SYSTICK_Config
 .text.HAL_SYSTICK_Callback
                0x08001de8        0x4 HAL_Driver/Src/stm32f3xx_hal_cortex.o
                0x08001de8                HAL_SYSTICK_Callback
 .text.HAL_SYSTICK_IRQHandler
                0x08001dec        0x8 HAL_Driver/Src/stm32f3xx_hal_cortex.o
                0x08001dec                HAL_SYSTICK_IRQHandler
 .text.HAL_GPIO_Init
                0x08001df4      0x1c4 HAL_Driver/Src/stm32f3xx_hal_gpio.o
                0x08001df4                HAL_GPIO_Init
 .text.HAL_GPIO_WritePin
                0x08001fb8        0xc HAL_Driver/Src/stm32f3xx_hal_gpio.o
                0x08001fb8                HAL_GPIO_WritePin
 .text.HAL_GPIO_TogglePin
                0x08001fc4        0x8 HAL_Driver/Src/stm32f3xx_hal_gpio.o
                0x08001fc4                HAL_GPIO_TogglePin
 .text.HAL_HRTIM_Init
                0x08001fcc       0xf4 HAL_Driver/Src/stm32f3xx_hal_hrtim.o
                0x08001fcc                HAL_HRTIM_Init
 .text.HAL_HRTIM_DLLCalibrationStart
                0x080020c0       0x4c HAL_Driver/Src/stm32f3xx_hal_hrtim.o
                0x080020c0                HAL_HRTIM_DLLCalibrationStart
 .text.HAL_HRTIM_PollForDLLCalibration
                0x0800210c       0x48 HAL_Driver/Src/stm32f3xx_hal_hrtim.o
                0x0800210c                HAL_HRTIM_PollForDLLCalibration
 .text.HAL_HRTIM_TimeBaseConfig
                0x08002154       0x70 HAL_Driver/Src/stm32f3xx_hal_hrtim.o
                0x08002154                HAL_HRTIM_TimeBaseConfig
 .text.HAL_HRTIM_EventConfig
                0x080021c4      0x22c HAL_Driver/Src/stm32f3xx_hal_hrtim.o
                0x080021c4                HAL_HRTIM_EventConfig
 .text.HAL_HRTIM_WaveformTimerConfig
                0x080023f0      0x294 HAL_Driver/Src/stm32f3xx_hal_hrtim.o
                0x080023f0                HAL_HRTIM_WaveformTimerConfig
 .text.HAL_HRTIM_WaveformCompareConfig
                0x08002684      0x130 HAL_Driver/Src/stm32f3xx_hal_hrtim.o
                0x08002684                HAL_HRTIM_WaveformCompareConfig
 .text.HAL_HRTIM_WaveformOutputConfig
                0x080027b4      0x104 HAL_Driver/Src/stm32f3xx_hal_hrtim.o
                0x080027b4                HAL_HRTIM_WaveformOutputConfig
 .text.HAL_HRTIM_WaveformOutputStart
                0x080028b8       0x38 HAL_Driver/Src/stm32f3xx_hal_hrtim.o
                0x080028b8                HAL_HRTIM_WaveformOutputStart
 .text.HAL_HRTIM_WaveformCounterStart
                0x080028f0       0x34 HAL_Driver/Src/stm32f3xx_hal_hrtim.o
                0x080028f0                HAL_HRTIM_WaveformCounterStart
 .text.I2C_WaitOnSTOPFlagUntilTimeout.constprop.4
                0x08002924       0xc0 HAL_Driver/Src/stm32f3xx_hal_i2c.o
 .text.I2C_WaitOnTXISFlagUntilTimeout
                0x080029e4       0xe8 HAL_Driver/Src/stm32f3xx_hal_i2c.o
 .text.HAL_I2C_Init
                0x08002acc       0x98 HAL_Driver/Src/stm32f3xx_hal_i2c.o
                0x08002acc                HAL_I2C_Init
 .text.HAL_I2C_Master_Transmit
                0x08002b64      0x23c HAL_Driver/Src/stm32f3xx_hal_i2c.o
                0x08002b64                HAL_I2C_Master_Transmit
 .text.HAL_I2C_Master_Receive
                0x08002da0      0x178 HAL_Driver/Src/stm32f3xx_hal_i2c.o
                0x08002da0                HAL_I2C_Master_Receive
 .text.HAL_I2C_GetState
                0x08002f18        0x8 HAL_Driver/Src/stm32f3xx_hal_i2c.o
                0x08002f18                HAL_I2C_GetState
 .text.HAL_I2C_GetError
                0x08002f20        0x8 HAL_Driver/Src/stm32f3xx_hal_i2c.o
                0x08002f20                HAL_I2C_GetError
 .text.HAL_I2CEx_AnalogFilter_Config
                0x08002f28       0x74 HAL_Driver/Src/stm32f3xx_hal_i2c_ex.o
                0x08002f28                HAL_I2CEx_AnalogFilter_Config
 .text.HAL_MspInit
                0x08002f9c        0x4 HAL_Driver/Src/stm32f3xx_hal_msp_template.o
                0x08002f9c                HAL_MspInit
 .text.HAL_RCC_DeInit
                0x08002fa0       0x3c HAL_Driver/Src/stm32f3xx_hal_rcc.o
                0x08002fa0                HAL_RCC_DeInit
 .text.HAL_RCC_ClockConfig
                0x08002fdc      0x2e0 HAL_Driver/Src/stm32f3xx_hal_rcc.o
                0x08002fdc                HAL_RCC_ClockConfig
 .text.HAL_RCC_GetHCLKFreq
                0x080032bc       0x38 HAL_Driver/Src/stm32f3xx_hal_rcc.o
                0x080032bc                HAL_RCC_GetHCLKFreq
 .text.HAL_RCC_GetPCLK1Freq
                0x080032f4       0x54 HAL_Driver/Src/stm32f3xx_hal_rcc.o
                0x080032f4                HAL_RCC_GetPCLK1Freq
 .text.HAL_RCC_GetPCLK2Freq
                0x08003348       0x54 HAL_Driver/Src/stm32f3xx_hal_rcc.o
                0x08003348                HAL_RCC_GetPCLK2Freq
 .text.HAL_RCCEx_PeriphCLKConfig
                0x0800339c      0x160 HAL_Driver/Src/stm32f3xx_hal_rcc_ex.o
                0x0800339c                HAL_RCCEx_PeriphCLKConfig
 .text.HAL_RCC_OscConfig
                0x080034fc      0x660 HAL_Driver/Src/stm32f3xx_hal_rcc_ex.o
                0x080034fc                HAL_RCC_OscConfig
 .text.HAL_RCC_GetSysClockFreq
                0x08003b5c       0x6c HAL_Driver/Src/stm32f3xx_hal_rcc_ex.o
                0x08003b5c                HAL_RCC_GetSysClockFreq
 .text.HAL_TIM_Base_Init
                0x08003bc8       0xe4 HAL_Driver/Src/stm32f3xx_hal_tim.o
                0x08003bc8                HAL_TIM_Base_Init
 .text.HAL_TIM_Base_Start_IT
                0x08003cac       0x18 HAL_Driver/Src/stm32f3xx_hal_tim.o
                0x08003cac                HAL_TIM_Base_Start_IT
 .text.HAL_TIM_PWM_Start
                0x08003cc4       0x54 HAL_Driver/Src/stm32f3xx_hal_tim.o
                0x08003cc4                HAL_TIM_PWM_Start
 .text.HAL_TIM_IC_Init
                0x08003d18       0xe4 HAL_Driver/Src/stm32f3xx_hal_tim.o
                0x08003d18                HAL_TIM_IC_Init
 .text.HAL_TIM_IC_Start_IT
                0x08003dfc       0x68 HAL_Driver/Src/stm32f3xx_hal_tim.o
                0x08003dfc                HAL_TIM_IC_Start_IT
 .text.HAL_TIM_IC_ConfigChannel
                0x08003e64      0x180 HAL_Driver/Src/stm32f3xx_hal_tim.o
                0x08003e64                HAL_TIM_IC_ConfigChannel
 .text.HAL_TIM_ConfigClockSource
                0x08003fe4      0x18c HAL_Driver/Src/stm32f3xx_hal_tim.o
                0x08003fe4                HAL_TIM_ConfigClockSource
 .text.HAL_TIM_ReadCapturedValue
                0x08004170       0x60 HAL_Driver/Src/stm32f3xx_hal_tim.o
                0x08004170                HAL_TIM_ReadCapturedValue
 .text.HAL_TIM_OC_DelayElapsedCallback
                0x080041d0        0x4 HAL_Driver/Src/stm32f3xx_hal_tim.o
                0x080041d0                HAL_TIM_OC_DelayElapsedCallback
 .text.HAL_TIM_PWM_PulseFinishedCallback
                0x080041d4        0x4 HAL_Driver/Src/stm32f3xx_hal_tim.o
                0x080041d4                HAL_TIM_PWM_PulseFinishedCallback
 .text.HAL_TIM_TriggerCallback
                0x080041d8        0x4 HAL_Driver/Src/stm32f3xx_hal_tim.o
                0x080041d8                HAL_TIM_TriggerCallback
 .text.HAL_TIM_IRQHandler
                0x080041dc      0x154 HAL_Driver/Src/stm32f3xx_hal_tim.o
                0x080041dc                HAL_TIM_IRQHandler
 .text.HAL_TIMEx_MasterConfigSynchronization
                0x08004330       0x4c HAL_Driver/Src/stm32f3xx_hal_tim_ex.o
                0x08004330                HAL_TIMEx_MasterConfigSynchronization
 .text.HAL_TIMEx_RemapConfig
                0x0800437c       0x28 HAL_Driver/Src/stm32f3xx_hal_tim_ex.o
                0x0800437c                HAL_TIMEx_RemapConfig
 .text.HAL_TIMEx_CommutationCallback
                0x080043a4        0x4 HAL_Driver/Src/stm32f3xx_hal_tim_ex.o
                0x080043a4                HAL_TIMEx_CommutationCallback
 .text.HAL_TIMEx_BreakCallback
                0x080043a8        0x4 HAL_Driver/Src/stm32f3xx_hal_tim_ex.o
                0x080043a8                HAL_TIMEx_BreakCallback
 .text.HAL_UART_Transmit
                0x080043ac      0x13c HAL_Driver/Src/stm32f3xx_hal_uart.o
                0x080043ac                HAL_UART_Transmit
 .text.UART_AdvFeatureConfig
                0x080044e8       0xb0 HAL_Driver/Src/stm32f3xx_hal_uart.o
                0x080044e8                UART_AdvFeatureConfig
 .text.HAL_UART_Init
                0x08004598      0x2c4 HAL_Driver/Src/stm32f3xx_hal_uart.o
                0x08004598                HAL_UART_Init
 .text.__errno  0x0800485c        0xc c:/dev/ac6/systemworkbench/plugins/fr.ac6.mcu.externaltools.arm-none.win32_1.2.0.201505291716/tools/compiler/bin/../lib/gcc/arm-none-eabi/4.9.3/../../../../arm-none-eabi/lib/armv7e-m\libc.a(lib_a-errno.o)
                0x0800485c                __errno
 .text.__libc_init_array
                0x08004868       0x50 c:/dev/ac6/systemworkbench/plugins/fr.ac6.mcu.externaltools.arm-none.win32_1.2.0.201505291716/tools/compiler/bin/../lib/gcc/arm-none-eabi/4.9.3/../../../../arm-none-eabi/lib/armv7e-m\libc.a(lib_a-init.o)
                0x08004868                __libc_init_array
 .text.memset   0x080048b8       0x9c c:/dev/ac6/systemworkbench/plugins/fr.ac6.mcu.externaltools.arm-none.win32_1.2.0.201505291716/tools/compiler/bin/../lib/gcc/arm-none-eabi/4.9.3/../../../../arm-none-eabi/lib/armv7e-m\libc.a(lib_a-memset.o)
                0x080048b8                memset
 .text.printf   0x08004954       0x28 c:/dev/ac6/systemworkbench/plugins/fr.ac6.mcu.externaltools.arm-none.win32_1.2.0.201505291716/tools/compiler/bin/../lib/gcc/arm-none-eabi/4.9.3/../../../../arm-none-eabi/lib/armv7e-m\libc.a(lib_a-printf.o)
                0x08004954                printf
 .text.setvbuf  0x0800497c       0xf8 c:/dev/ac6/systemworkbench/plugins/fr.ac6.mcu.externaltools.arm-none.win32_1.2.0.201505291716/tools/compiler/bin/../lib/gcc/arm-none-eabi/4.9.3/../../../../arm-none-eabi/lib/armv7e-m\libc.a(lib_a-setvbuf.o)
                0x0800497c                setvbuf
 .text._vfprintf_r
                0x08004a74     0x13e8 c:/dev/ac6/systemworkbench/plugins/fr.ac6.mcu.externaltools.arm-none.win32_1.2.0.201505291716/tools/compiler/bin/../lib/gcc/arm-none-eabi/4.9.3/../../../../arm-none-eabi/lib/armv7e-m\libc.a(lib_a-vfprintf.o)
                0x08004a74                _vfprintf_r
 .text.__sbprintf
                0x08005e5c       0x78 c:/dev/ac6/systemworkbench/plugins/fr.ac6.mcu.externaltools.arm-none.win32_1.2.0.201505291716/tools/compiler/bin/../lib/gcc/arm-none-eabi/4.9.3/../../../../arm-none-eabi/lib/armv7e-m\libc.a(lib_a-vfprintf.o)
 .text.__swsetup_r
                0x08005ed4       0xc4 c:/dev/ac6/systemworkbench/plugins/fr.ac6.mcu.externaltools.arm-none.win32_1.2.0.201505291716/tools/compiler/bin/../lib/gcc/arm-none-eabi/4.9.3/../../../../arm-none-eabi/lib/armv7e-m\libc.a(lib_a-wsetup.o)
                0x08005ed4                __swsetup_r
 .text.startup.register_fini
                0x08005f98       0x14 c:/dev/ac6/systemworkbench/plugins/fr.ac6.mcu.externaltools.arm-none.win32_1.2.0.201505291716/tools/compiler/bin/../lib/gcc/arm-none-eabi/4.9.3/../../../../arm-none-eabi/lib/armv7e-m\libc.a(lib_a-__call_atexit.o)
 .text.atexit   0x08005fac        0xc c:/dev/ac6/systemworkbench/plugins/fr.ac6.mcu.externaltools.arm-none.win32_1.2.0.201505291716/tools/compiler/bin/../lib/gcc/arm-none-eabi/4.9.3/../../../../arm-none-eabi/lib/armv7e-m\libc.a(lib_a-atexit.o)
                0x08005fac                atexit
 .text.quorem   0x08005fb8      0x12c c:/dev/ac6/systemworkbench/plugins/fr.ac6.mcu.externaltools.arm-none.win32_1.2.0.201505291716/tools/compiler/bin/../lib/gcc/arm-none-eabi/4.9.3/../../../../arm-none-eabi/lib/armv7e-m\libc.a(lib_a-dtoa.o)
 *fill*         0x080060e4        0x4 
 .text._dtoa_r  0x080060e8      0xe98 c:/dev/ac6/systemworkbench/plugins/fr.ac6.mcu.externaltools.arm-none.win32_1.2.0.201505291716/tools/compiler/bin/../lib/gcc/arm-none-eabi/4.9.3/../../../../arm-none-eabi/lib/armv7e-m\libc.a(lib_a-dtoa.o)
                0x080060e8                _dtoa_r
 .text.__sflush_r
                0x08006f80      0x154 c:/dev/ac6/systemworkbench/plugins/fr.ac6.mcu.externaltools.arm-none.win32_1.2.0.201505291716/tools/compiler/bin/../lib/gcc/arm-none-eabi/4.9.3/../../../../arm-none-eabi/lib/armv7e-m\libc.a(lib_a-fflush.o)
                0x08006f80                __sflush_r
 .text._fflush_r
                0x080070d4       0x2c c:/dev/ac6/systemworkbench/plugins/fr.ac6.mcu.externaltools.arm-none.win32_1.2.0.201505291716/tools/compiler/bin/../lib/gcc/arm-none-eabi/4.9.3/../../../../arm-none-eabi/lib/armv7e-m\libc.a(lib_a-fflush.o)
                0x080070d4                _fflush_r
 .text._cleanup_r
                0x08007100        0xc c:/dev/ac6/systemworkbench/plugins/fr.ac6.mcu.externaltools.arm-none.win32_1.2.0.201505291716/tools/compiler/bin/../lib/gcc/arm-none-eabi/4.9.3/../../../../arm-none-eabi/lib/armv7e-m\libc.a(lib_a-findfp.o)
                0x08007100                _cleanup_r
 .text.__sinit.part.1
                0x0800710c       0xf0 c:/dev/ac6/systemworkbench/plugins/fr.ac6.mcu.externaltools.arm-none.win32_1.2.0.201505291716/tools/compiler/bin/../lib/gcc/arm-none-eabi/4.9.3/../../../../arm-none-eabi/lib/armv7e-m\libc.a(lib_a-findfp.o)
 .text.__sinit  0x080071fc        0xc c:/dev/ac6/systemworkbench/plugins/fr.ac6.mcu.externaltools.arm-none.win32_1.2.0.201505291716/tools/compiler/bin/../lib/gcc/arm-none-eabi/4.9.3/../../../../arm-none-eabi/lib/armv7e-m\libc.a(lib_a-findfp.o)
                0x080071fc                __sinit
 .text.__sfp_lock_acquire
                0x08007208        0x4 c:/dev/ac6/systemworkbench/plugins/fr.ac6.mcu.externaltools.arm-none.win32_1.2.0.201505291716/tools/compiler/bin/../lib/gcc/arm-none-eabi/4.9.3/../../../../arm-none-eabi/lib/armv7e-m\libc.a(lib_a-findfp.o)
                0x08007208                __sfp_lock_acquire
 .text.__sfp_lock_release
                0x0800720c        0x4 c:/dev/ac6/systemworkbench/plugins/fr.ac6.mcu.externaltools.arm-none.win32_1.2.0.201505291716/tools/compiler/bin/../lib/gcc/arm-none-eabi/4.9.3/../../../../arm-none-eabi/lib/armv7e-m\libc.a(lib_a-findfp.o)
                0x0800720c                __sfp_lock_release
 .text.__libc_fini_array
                0x08007210       0x2c c:/dev/ac6/systemworkbench/plugins/fr.ac6.mcu.externaltools.arm-none.win32_1.2.0.201505291716/tools/compiler/bin/../lib/gcc/arm-none-eabi/4.9.3/../../../../arm-none-eabi/lib/armv7e-m\libc.a(lib_a-fini.o)
                0x08007210                __libc_fini_array
 .text._malloc_trim_r
                0x0800723c       0x9c c:/dev/ac6/systemworkbench/plugins/fr.ac6.mcu.externaltools.arm-none.win32_1.2.0.201505291716/tools/compiler/bin/../lib/gcc/arm-none-eabi/4.9.3/../../../../arm-none-eabi/lib/armv7e-m\libc.a(lib_a-freer.o)
                0x0800723c                _malloc_trim_r
 .text._free_r  0x080072d8      0x1b0 c:/dev/ac6/systemworkbench/plugins/fr.ac6.mcu.externaltools.arm-none.win32_1.2.0.201505291716/tools/compiler/bin/../lib/gcc/arm-none-eabi/4.9.3/../../../../arm-none-eabi/lib/armv7e-m\libc.a(lib_a-freer.o)
                0x080072d8                _free_r
 .text._fwalk_reent
                0x08007488       0x54 c:/dev/ac6/systemworkbench/plugins/fr.ac6.mcu.externaltools.arm-none.win32_1.2.0.201505291716/tools/compiler/bin/../lib/gcc/arm-none-eabi/4.9.3/../../../../arm-none-eabi/lib/armv7e-m\libc.a(lib_a-fwalk.o)
                0x08007488                _fwalk_reent
 .text.__locale_charset
                0x080074dc        0x8 c:/dev/ac6/systemworkbench/plugins/fr.ac6.mcu.externaltools.arm-none.win32_1.2.0.201505291716/tools/compiler/bin/../lib/gcc/arm-none-eabi/4.9.3/../../../../arm-none-eabi/lib/armv7e-m\libc.a(lib_a-locale.o)
                0x080074dc                __locale_charset
 .text.__locale_mb_cur_max
                0x080074e4        0xc c:/dev/ac6/systemworkbench/plugins/fr.ac6.mcu.externaltools.arm-none.win32_1.2.0.201505291716/tools/compiler/bin/../lib/gcc/arm-none-eabi/4.9.3/../../../../arm-none-eabi/lib/armv7e-m\libc.a(lib_a-locale.o)
                0x080074e4                __locale_mb_cur_max
 .text._localeconv_r
                0x080074f0        0x8 c:/dev/ac6/systemworkbench/plugins/fr.ac6.mcu.externaltools.arm-none.win32_1.2.0.201505291716/tools/compiler/bin/../lib/gcc/arm-none-eabi/4.9.3/../../../../arm-none-eabi/lib/armv7e-m\libc.a(lib_a-locale.o)
                0x080074f0                _localeconv_r
 .text.__smakebuf_r
                0x080074f8       0xe0 c:/dev/ac6/systemworkbench/plugins/fr.ac6.mcu.externaltools.arm-none.win32_1.2.0.201505291716/tools/compiler/bin/../lib/gcc/arm-none-eabi/4.9.3/../../../../arm-none-eabi/lib/armv7e-m\libc.a(lib_a-makebuf.o)
                0x080074f8                __smakebuf_r
 .text.malloc   0x080075d8       0x10 c:/dev/ac6/systemworkbench/plugins/fr.ac6.mcu.externaltools.arm-none.win32_1.2.0.201505291716/tools/compiler/bin/../lib/gcc/arm-none-eabi/4.9.3/../../../../arm-none-eabi/lib/armv7e-m\libc.a(lib_a-malloc.o)
                0x080075d8                malloc
 .text._malloc_r
                0x080075e8      0x524 c:/dev/ac6/systemworkbench/plugins/fr.ac6.mcu.externaltools.arm-none.win32_1.2.0.201505291716/tools/compiler/bin/../lib/gcc/arm-none-eabi/4.9.3/../../../../arm-none-eabi/lib/armv7e-m\libc.a(lib_a-mallocr.o)
                0x080075e8                _malloc_r
 .text.memchr   0x08007b0c       0x94 c:/dev/ac6/systemworkbench/plugins/fr.ac6.mcu.externaltools.arm-none.win32_1.2.0.201505291716/tools/compiler/bin/../lib/gcc/arm-none-eabi/4.9.3/../../../../arm-none-eabi/lib/armv7e-m\libc.a(lib_a-memchr.o)
                0x08007b0c                memchr
 .text.__malloc_lock
                0x08007ba0        0x4 c:/dev/ac6/systemworkbench/plugins/fr.ac6.mcu.externaltools.arm-none.win32_1.2.0.201505291716/tools/compiler/bin/../lib/gcc/arm-none-eabi/4.9.3/../../../../arm-none-eabi/lib/armv7e-m\libc.a(lib_a-mlock.o)
                0x08007ba0                __malloc_lock
 .text.__malloc_unlock
                0x08007ba4        0x4 c:/dev/ac6/systemworkbench/plugins/fr.ac6.mcu.externaltools.arm-none.win32_1.2.0.201505291716/tools/compiler/bin/../lib/gcc/arm-none-eabi/4.9.3/../../../../arm-none-eabi/lib/armv7e-m\libc.a(lib_a-mlock.o)
                0x08007ba4                __malloc_unlock
 .text._Balloc  0x08007ba8       0x4c c:/dev/ac6/systemworkbench/plugins/fr.ac6.mcu.externaltools.arm-none.win32_1.2.0.201505291716/tools/compiler/bin/../lib/gcc/arm-none-eabi/4.9.3/../../../../arm-none-eabi/lib/armv7e-m\libc.a(lib_a-mprec.o)
                0x08007ba8                _Balloc
 .text._Bfree   0x08007bf4       0x14 c:/dev/ac6/systemworkbench/plugins/fr.ac6.mcu.externaltools.arm-none.win32_1.2.0.201505291716/tools/compiler/bin/../lib/gcc/arm-none-eabi/4.9.3/../../../../arm-none-eabi/lib/armv7e-m\libc.a(lib_a-mprec.o)
                0x08007bf4                _Bfree
 .text.__multadd
                0x08007c08       0x84 c:/dev/ac6/systemworkbench/plugins/fr.ac6.mcu.externaltools.arm-none.win32_1.2.0.201505291716/tools/compiler/bin/../lib/gcc/arm-none-eabi/4.9.3/../../../../arm-none-eabi/lib/armv7e-m\libc.a(lib_a-mprec.o)
                0x08007c08                __multadd
 .text.__hi0bits
                0x08007c8c       0x40 c:/dev/ac6/systemworkbench/plugins/fr.ac6.mcu.externaltools.arm-none.win32_1.2.0.201505291716/tools/compiler/bin/../lib/gcc/arm-none-eabi/4.9.3/../../../../arm-none-eabi/lib/armv7e-m\libc.a(lib_a-mprec.o)
                0x08007c8c                __hi0bits
 .text.__lo0bits
                0x08007ccc       0x5c c:/dev/ac6/systemworkbench/plugins/fr.ac6.mcu.externaltools.arm-none.win32_1.2.0.201505291716/tools/compiler/bin/../lib/gcc/arm-none-eabi/4.9.3/../../../../arm-none-eabi/lib/armv7e-m\libc.a(lib_a-mprec.o)
                0x08007ccc                __lo0bits
 .text.__i2b    0x08007d28       0x14 c:/dev/ac6/systemworkbench/plugins/fr.ac6.mcu.externaltools.arm-none.win32_1.2.0.201505291716/tools/compiler/bin/../lib/gcc/arm-none-eabi/4.9.3/../../../../arm-none-eabi/lib/armv7e-m\libc.a(lib_a-mprec.o)
                0x08007d28                __i2b
 .text.__multiply
                0x08007d3c      0x134 c:/dev/ac6/systemworkbench/plugins/fr.ac6.mcu.externaltools.arm-none.win32_1.2.0.201505291716/tools/compiler/bin/../lib/gcc/arm-none-eabi/4.9.3/../../../../arm-none-eabi/lib/armv7e-m\libc.a(lib_a-mprec.o)
                0x08007d3c                __multiply
 .text.__pow5mult
                0x08007e70       0xa0 c:/dev/ac6/systemworkbench/plugins/fr.ac6.mcu.externaltools.arm-none.win32_1.2.0.201505291716/tools/compiler/bin/../lib/gcc/arm-none-eabi/4.9.3/../../../../arm-none-eabi/lib/armv7e-m\libc.a(lib_a-mprec.o)
                0x08007e70                __pow5mult
 .text.__lshift
                0x08007f10       0xac c:/dev/ac6/systemworkbench/plugins/fr.ac6.mcu.externaltools.arm-none.win32_1.2.0.201505291716/tools/compiler/bin/../lib/gcc/arm-none-eabi/4.9.3/../../../../arm-none-eabi/lib/armv7e-m\libc.a(lib_a-mprec.o)
                0x08007f10                __lshift
 .text.__mcmp   0x08007fbc       0x48 c:/dev/ac6/systemworkbench/plugins/fr.ac6.mcu.externaltools.arm-none.win32_1.2.0.201505291716/tools/compiler/bin/../lib/gcc/arm-none-eabi/4.9.3/../../../../arm-none-eabi/lib/armv7e-m\libc.a(lib_a-mprec.o)
                0x08007fbc                __mcmp
 .text.__mdiff  0x08008004       0xd4 c:/dev/ac6/systemworkbench/plugins/fr.ac6.mcu.externaltools.arm-none.win32_1.2.0.201505291716/tools/compiler/bin/../lib/gcc/arm-none-eabi/4.9.3/../../../../arm-none-eabi/lib/armv7e-m\libc.a(lib_a-mprec.o)
                0x08008004                __mdiff
 .text.__d2b    0x080080d8       0xb8 c:/dev/ac6/systemworkbench/plugins/fr.ac6.mcu.externaltools.arm-none.win32_1.2.0.201505291716/tools/compiler/bin/../lib/gcc/arm-none-eabi/4.9.3/../../../../arm-none-eabi/lib/armv7e-m\libc.a(lib_a-mprec.o)
                0x080080d8                __d2b
 .text.__fpclassifyd
                0x08008190       0x58 c:/dev/ac6/systemworkbench/plugins/fr.ac6.mcu.externaltools.arm-none.win32_1.2.0.201505291716/tools/compiler/bin/../lib/gcc/arm-none-eabi/4.9.3/../../../../arm-none-eabi/lib/armv7e-m\libc.a(lib_a-s_fpclassify.o)
                0x08008190                __fpclassifyd
 .text._sbrk_r  0x080081e8       0x24 c:/dev/ac6/systemworkbench/plugins/fr.ac6.mcu.externaltools.arm-none.win32_1.2.0.201505291716/tools/compiler/bin/../lib/gcc/arm-none-eabi/4.9.3/../../../../arm-none-eabi/lib/armv7e-m\libc.a(lib_a-sbrkr.o)
                0x080081e8                _sbrk_r
 .text.__sread  0x0800820c       0x24 c:/dev/ac6/systemworkbench/plugins/fr.ac6.mcu.externaltools.arm-none.win32_1.2.0.201505291716/tools/compiler/bin/../lib/gcc/arm-none-eabi/4.9.3/../../../../arm-none-eabi/lib/armv7e-m\libc.a(lib_a-stdio.o)
                0x0800820c                __sread
 .text.__swrite
                0x08008230       0x38 c:/dev/ac6/systemworkbench/plugins/fr.ac6.mcu.externaltools.arm-none.win32_1.2.0.201505291716/tools/compiler/bin/../lib/gcc/arm-none-eabi/4.9.3/../../../../arm-none-eabi/lib/armv7e-m\libc.a(lib_a-stdio.o)
                0x08008230                __swrite
 .text.__sseek  0x08008268       0x20 c:/dev/ac6/systemworkbench/plugins/fr.ac6.mcu.externaltools.arm-none.win32_1.2.0.201505291716/tools/compiler/bin/../lib/gcc/arm-none-eabi/4.9.3/../../../../arm-none-eabi/lib/armv7e-m\libc.a(lib_a-stdio.o)
                0x08008268                __sseek
 .text.__sclose
                0x08008288        0x8 c:/dev/ac6/systemworkbench/plugins/fr.ac6.mcu.externaltools.arm-none.win32_1.2.0.201505291716/tools/compiler/bin/../lib/gcc/arm-none-eabi/4.9.3/../../../../arm-none-eabi/lib/armv7e-m\libc.a(lib_a-stdio.o)
                0x08008288                __sclose
 .text.strlen   0x08008290       0x5c c:/dev/ac6/systemworkbench/plugins/fr.ac6.mcu.externaltools.arm-none.win32_1.2.0.201505291716/tools/compiler/bin/../lib/gcc/arm-none-eabi/4.9.3/../../../../arm-none-eabi/lib/armv7e-m\libc.a(lib_a-strlen.o)
                0x08008290                strlen
 .text.__sprint_r.part.0
                0x080082ec       0x78 c:/dev/ac6/systemworkbench/plugins/fr.ac6.mcu.externaltools.arm-none.win32_1.2.0.201505291716/tools/compiler/bin/../lib/gcc/arm-none-eabi/4.9.3/../../../../arm-none-eabi/lib/armv7e-m\libc.a(lib_a-vfiprintf.o)
 .text.__sprint_r
                0x08008364       0x18 c:/dev/ac6/systemworkbench/plugins/fr.ac6.mcu.externaltools.arm-none.win32_1.2.0.201505291716/tools/compiler/bin/../lib/gcc/arm-none-eabi/4.9.3/../../../../arm-none-eabi/lib/armv7e-m\libc.a(lib_a-vfiprintf.o)
                0x08008364                __sprint_r
 .text._write_r
                0x0800837c       0x28 c:/dev/ac6/systemworkbench/plugins/fr.ac6.mcu.externaltools.arm-none.win32_1.2.0.201505291716/tools/compiler/bin/../lib/gcc/arm-none-eabi/4.9.3/../../../../arm-none-eabi/lib/armv7e-m\libc.a(lib_a-writer.o)
                0x0800837c                _write_r
 .text.__register_exitproc
                0x080083a4       0xa4 c:/dev/ac6/systemworkbench/plugins/fr.ac6.mcu.externaltools.arm-none.win32_1.2.0.201505291716/tools/compiler/bin/../lib/gcc/arm-none-eabi/4.9.3/../../../../arm-none-eabi/lib/armv7e-m\libc.a(lib_a-__atexit.o)
                0x080083a4                __register_exitproc
 .text._calloc_r
                0x08008448       0x60 c:/dev/ac6/systemworkbench/plugins/fr.ac6.mcu.externaltools.arm-none.win32_1.2.0.201505291716/tools/compiler/bin/../lib/gcc/arm-none-eabi/4.9.3/../../../../arm-none-eabi/lib/armv7e-m\libc.a(lib_a-callocr.o)
                0x08008448                _calloc_r
 .text._close_r
                0x080084a8       0x24 c:/dev/ac6/systemworkbench/plugins/fr.ac6.mcu.externaltools.arm-none.win32_1.2.0.201505291716/tools/compiler/bin/../lib/gcc/arm-none-eabi/4.9.3/../../../../arm-none-eabi/lib/armv7e-m\libc.a(lib_a-closer.o)
                0x080084a8                _close_r
 .text._fclose_r
                0x080084cc       0x84 c:/dev/ac6/systemworkbench/plugins/fr.ac6.mcu.externaltools.arm-none.win32_1.2.0.201505291716/tools/compiler/bin/../lib/gcc/arm-none-eabi/4.9.3/../../../../arm-none-eabi/lib/armv7e-m\libc.a(lib_a-fclose.o)
                0x080084cc                _fclose_r
 .text.__fputwc
                0x08008550       0xb0 c:/dev/ac6/systemworkbench/plugins/fr.ac6.mcu.externaltools.arm-none.win32_1.2.0.201505291716/tools/compiler/bin/../lib/gcc/arm-none-eabi/4.9.3/../../../../arm-none-eabi/lib/armv7e-m\libc.a(lib_a-fputwc.o)
                0x08008550                __fputwc
 .text._fputwc_r
                0x08008600       0x24 c:/dev/ac6/systemworkbench/plugins/fr.ac6.mcu.externaltools.arm-none.win32_1.2.0.201505291716/tools/compiler/bin/../lib/gcc/arm-none-eabi/4.9.3/../../../../arm-none-eabi/lib/armv7e-m\libc.a(lib_a-fputwc.o)
                0x08008600                _fputwc_r
 .text._fstat_r
                0x08008624       0x28 c:/dev/ac6/systemworkbench/plugins/fr.ac6.mcu.externaltools.arm-none.win32_1.2.0.201505291716/tools/compiler/bin/../lib/gcc/arm-none-eabi/4.9.3/../../../../arm-none-eabi/lib/armv7e-m\libc.a(lib_a-fstatr.o)
                0x08008624                _fstat_r
 .text.__sfvwrite_r
                0x0800864c      0x318 c:/dev/ac6/systemworkbench/plugins/fr.ac6.mcu.externaltools.arm-none.win32_1.2.0.201505291716/tools/compiler/bin/../lib/gcc/arm-none-eabi/4.9.3/../../../../arm-none-eabi/lib/armv7e-m\libc.a(lib_a-fvwrite.o)
                0x0800864c                __sfvwrite_r
 .text._isatty_r
                0x08008964       0x24 c:/dev/ac6/systemworkbench/plugins/fr.ac6.mcu.externaltools.arm-none.win32_1.2.0.201505291716/tools/compiler/bin/../lib/gcc/arm-none-eabi/4.9.3/../../../../arm-none-eabi/lib/armv7e-m\libc.a(lib_a-isattyr.o)
                0x08008964                _isatty_r
 .text._lseek_r
                0x08008988       0x28 c:/dev/ac6/systemworkbench/plugins/fr.ac6.mcu.externaltools.arm-none.win32_1.2.0.201505291716/tools/compiler/bin/../lib/gcc/arm-none-eabi/4.9.3/../../../../arm-none-eabi/lib/armv7e-m\libc.a(lib_a-lseekr.o)
                0x08008988                _lseek_r
 .text.memmove  0x080089b0       0xc8 c:/dev/ac6/systemworkbench/plugins/fr.ac6.mcu.externaltools.arm-none.win32_1.2.0.201505291716/tools/compiler/bin/../lib/gcc/arm-none-eabi/4.9.3/../../../../arm-none-eabi/lib/armv7e-m\libc.a(lib_a-memmove.o)
                0x080089b0                memmove
 .text._read_r  0x08008a78       0x28 c:/dev/ac6/systemworkbench/plugins/fr.ac6.mcu.externaltools.arm-none.win32_1.2.0.201505291716/tools/compiler/bin/../lib/gcc/arm-none-eabi/4.9.3/../../../../arm-none-eabi/lib/armv7e-m\libc.a(lib_a-readr.o)
                0x08008a78                _read_r
 .text._realloc_r
                0x08008aa0      0x3ec c:/dev/ac6/systemworkbench/plugins/fr.ac6.mcu.externaltools.arm-none.win32_1.2.0.201505291716/tools/compiler/bin/../lib/gcc/arm-none-eabi/4.9.3/../../../../arm-none-eabi/lib/armv7e-m\libc.a(lib_a-reallocr.o)
                0x08008aa0                _realloc_r
 .text.__swbuf_r
                0x08008e8c       0xa8 c:/dev/ac6/systemworkbench/plugins/fr.ac6.mcu.externaltools.arm-none.win32_1.2.0.201505291716/tools/compiler/bin/../lib/gcc/arm-none-eabi/4.9.3/../../../../arm-none-eabi/lib/armv7e-m\libc.a(lib_a-wbuf.o)
                0x08008e8c                __swbuf_r
 .text._wcrtomb_r
                0x08008f34       0x54 c:/dev/ac6/systemworkbench/plugins/fr.ac6.mcu.externaltools.arm-none.win32_1.2.0.201505291716/tools/compiler/bin/../lib/gcc/arm-none-eabi/4.9.3/../../../../arm-none-eabi/lib/armv7e-m\libc.a(lib_a-wcrtomb.o)
                0x08008f34                _wcrtomb_r
 .text.__ascii_wctomb
                0x08008f88       0x1c c:/dev/ac6/systemworkbench/plugins/fr.ac6.mcu.externaltools.arm-none.win32_1.2.0.201505291716/tools/compiler/bin/../lib/gcc/arm-none-eabi/4.9.3/../../../../arm-none-eabi/lib/armv7e-m\libc.a(lib_a-wctomb_r.o)
                0x08008f88                __ascii_wctomb
 *(.glue_7)
 .glue_7        0x00000000        0x0 linker stubs
 *(.glue_7t)
 .glue_7t       0x00000000        0x0 linker stubs
 *(.eh_frame)
 .eh_frame      0x08008fa4        0x0 c:/dev/ac6/systemworkbench/plugins/fr.ac6.mcu.externaltools.arm-none.win32_1.2.0.201505291716/tools/compiler/bin/../lib/gcc/arm-none-eabi/4.9.3/armv7e-m/crtbegin.o
 *(.init)
 .init          0x08008fa4        0x4 c:/dev/ac6/systemworkbench/plugins/fr.ac6.mcu.externaltools.arm-none.win32_1.2.0.201505291716/tools/compiler/bin/../lib/gcc/arm-none-eabi/4.9.3/armv7e-m/crti.o
                0x08008fa4                _init
 .init          0x08008fa8        0x8 c:/dev/ac6/systemworkbench/plugins/fr.ac6.mcu.externaltools.arm-none.win32_1.2.0.201505291716/tools/compiler/bin/../lib/gcc/arm-none-eabi/4.9.3/armv7e-m/crtn.o
 *(.fini)
 .fini          0x08008fb0        0x4 c:/dev/ac6/systemworkbench/plugins/fr.ac6.mcu.externaltools.arm-none.win32_1.2.0.201505291716/tools/compiler/bin/../lib/gcc/arm-none-eabi/4.9.3/armv7e-m/crti.o
                0x08008fb0                _fini
 .fini          0x08008fb4        0x8 c:/dev/ac6/systemworkbench/plugins/fr.ac6.mcu.externaltools.arm-none.win32_1.2.0.201505291716/tools/compiler/bin/../lib/gcc/arm-none-eabi/4.9.3/armv7e-m/crtn.o
                0x08008fbc                . = ALIGN (0x4)
                0x08008fbc                _etext = .

.vfp11_veneer   0x08008fbc        0x0
 .vfp11_veneer  0x00000000        0x0 linker stubs

.v4_bx          0x08008fbc        0x0
 .v4_bx         0x00000000        0x0 linker stubs

.iplt           0x08008fbc        0x0
 .iplt          0x00000000        0x0 c:/dev/ac6/systemworkbench/plugins/fr.ac6.mcu.externaltools.arm-none.win32_1.2.0.201505291716/tools/compiler/bin/../lib/gcc/arm-none-eabi/4.9.3/armv7e-m/crtbegin.o

.rodata         0x08008fc0      0x3e0
                0x08008fc0                . = ALIGN (0x4)
 *(.rodata)
 .rodata        0x08008fc0       0x10 HAL_Driver/Src/stm32f3xx_hal_rcc.o
                0x08008fc0                APBAHBPrescTable
 .rodata        0x08008fd0       0x20 HAL_Driver/Src/stm32f3xx_hal_rcc_ex.o
                0x08008fd0                PLLMULFactorTable
                0x08008fe0                PredivFactorTable
 .rodata        0x08008ff0        0x4 HAL_Driver/Src/stm32f3xx_hal_uart.o
 *(.rodata*)
 .rodata.str1.4
                0x08008ff4       0xdd src/SI5328.o
                                 0xe4 (size before relaxing)
 *fill*         0x080090d1        0x3 
 .rodata.str1.4
                0x080090d4       0x4e src/i2c.o
                                 0x50 (size before relaxing)
 *fill*         0x08009122        0x2 
 .rodata.str1.4
                0x08009124       0xf4 src/main.o
 .rodata.str1.4
                0x08009218        0x2 c:/dev/ac6/systemworkbench/plugins/fr.ac6.mcu.externaltools.arm-none.win32_1.2.0.201505291716/tools/compiler/bin/../lib/gcc/arm-none-eabi/4.9.3/../../../../arm-none-eabi/lib/armv7e-m\libc.a(lib_a-impure.o)
                                  0x4 (size before relaxing)
 *fill*         0x0800921a        0x2 
 .rodata._global_impure_ptr
                0x0800921c        0x4 c:/dev/ac6/systemworkbench/plugins/fr.ac6.mcu.externaltools.arm-none.win32_1.2.0.201505291716/tools/compiler/bin/../lib/gcc/arm-none-eabi/4.9.3/../../../../arm-none-eabi/lib/armv7e-m\libc.a(lib_a-impure.o)
                0x0800921c                _global_impure_ptr
 .rodata.zeroes.6931
                0x08009220       0x10 c:/dev/ac6/systemworkbench/plugins/fr.ac6.mcu.externaltools.arm-none.win32_1.2.0.201505291716/tools/compiler/bin/../lib/gcc/arm-none-eabi/4.9.3/../../../../arm-none-eabi/lib/armv7e-m\libc.a(lib_a-vfprintf.o)
 .rodata.str1.4
                0x08009230       0x42 c:/dev/ac6/systemworkbench/plugins/fr.ac6.mcu.externaltools.arm-none.win32_1.2.0.201505291716/tools/compiler/bin/../lib/gcc/arm-none-eabi/4.9.3/../../../../arm-none-eabi/lib/armv7e-m\libc.a(lib_a-vfprintf.o)
                                 0x44 (size before relaxing)
 *fill*         0x08009272        0x2 
 .rodata.blanks.6930
                0x08009274       0x10 c:/dev/ac6/systemworkbench/plugins/fr.ac6.mcu.externaltools.arm-none.win32_1.2.0.201505291716/tools/compiler/bin/../lib/gcc/arm-none-eabi/4.9.3/../../../../arm-none-eabi/lib/armv7e-m\libc.a(lib_a-vfprintf.o)
 .rodata.str1.4
                0x08009284       0x10 c:/dev/ac6/systemworkbench/plugins/fr.ac6.mcu.externaltools.arm-none.win32_1.2.0.201505291716/tools/compiler/bin/../lib/gcc/arm-none-eabi/4.9.3/../../../../arm-none-eabi/lib/armv7e-m\libc.a(lib_a-dtoa.o)
                                 0x14 (size before relaxing)
 .rodata.str1.4
                0x08009294        0xc c:/dev/ac6/systemworkbench/plugins/fr.ac6.mcu.externaltools.arm-none.win32_1.2.0.201505291716/tools/compiler/bin/../lib/gcc/arm-none-eabi/4.9.3/../../../../arm-none-eabi/lib/armv7e-m\libc.a(lib_a-locale.o)
                                 0x14 (size before relaxing)
 .rodata.p05.5296
                0x080092a0        0xc c:/dev/ac6/systemworkbench/plugins/fr.ac6.mcu.externaltools.arm-none.win32_1.2.0.201505291716/tools/compiler/bin/../lib/gcc/arm-none-eabi/4.9.3/../../../../arm-none-eabi/lib/armv7e-m\libc.a(lib_a-mprec.o)
 *fill*         0x080092ac        0x4 
 .rodata.__mprec_tens
                0x080092b0       0xc8 c:/dev/ac6/systemworkbench/plugins/fr.ac6.mcu.externaltools.arm-none.win32_1.2.0.201505291716/tools/compiler/bin/../lib/gcc/arm-none-eabi/4.9.3/../../../../arm-none-eabi/lib/armv7e-m\libc.a(lib_a-mprec.o)
                0x080092b0                __mprec_tens
 .rodata.__mprec_bigtens
                0x08009378       0x28 c:/dev/ac6/systemworkbench/plugins/fr.ac6.mcu.externaltools.arm-none.win32_1.2.0.201505291716/tools/compiler/bin/../lib/gcc/arm-none-eabi/4.9.3/../../../../arm-none-eabi/lib/armv7e-m\libc.a(lib_a-mprec.o)
                0x08009378                __mprec_bigtens
                0x080093a0                . = ALIGN (0x4)

.ARM.extab
 *(.ARM.extab* .gnu.linkonce.armextab.*)

.ARM            0x080093a0        0x8
                0x080093a0                __exidx_start = .
 *(.ARM.exidx*)
 .ARM.exidx     0x080093a0        0x8 c:/dev/ac6/systemworkbench/plugins/fr.ac6.mcu.externaltools.arm-none.win32_1.2.0.201505291716/tools/compiler/bin/../lib/gcc/arm-none-eabi/4.9.3/armv7e-m\libgcc.a(_divdi3.o)
 .ARM.exidx     0x080093a8        0x0 c:/dev/ac6/systemworkbench/plugins/fr.ac6.mcu.externaltools.arm-none.win32_1.2.0.201505291716/tools/compiler/bin/../lib/gcc/arm-none-eabi/4.9.3/armv7e-m\libgcc.a(_udivdi3.o)
                                  0x8 (size before relaxing)
                0x080093a8                __exidx_end = .

.rel.dyn        0x080093a8        0x0
 .rel.iplt      0x00000000        0x0 c:/dev/ac6/systemworkbench/plugins/fr.ac6.mcu.externaltools.arm-none.win32_1.2.0.201505291716/tools/compiler/bin/../lib/gcc/arm-none-eabi/4.9.3/armv7e-m/crtbegin.o

.preinit_array  0x080093a8        0x0
                0x080093a8                PROVIDE (__preinit_array_start, .)
 *(.preinit_array*)
                0x080093a8                PROVIDE (__preinit_array_end, .)

.init_array     0x080093a8        0x8
                0x080093a8                PROVIDE (__init_array_start, .)
 *(SORT(.init_array.*))
 .init_array.00000
                0x080093a8        0x4 c:/dev/ac6/systemworkbench/plugins/fr.ac6.mcu.externaltools.arm-none.win32_1.2.0.201505291716/tools/compiler/bin/../lib/gcc/arm-none-eabi/4.9.3/../../../../arm-none-eabi/lib/armv7e-m\libc.a(lib_a-__call_atexit.o)
 *(.init_array*)
 .init_array    0x080093ac        0x4 c:/dev/ac6/systemworkbench/plugins/fr.ac6.mcu.externaltools.arm-none.win32_1.2.0.201505291716/tools/compiler/bin/../lib/gcc/arm-none-eabi/4.9.3/armv7e-m/crtbegin.o
                0x080093b0                PROVIDE (__init_array_end, .)

.fini_array     0x080093b0        0x4
                0x080093b0                PROVIDE (__fini_array_start, .)
 *(SORT(.fini_array.*))
 *(.fini_array*)
 .fini_array    0x080093b0        0x4 c:/dev/ac6/systemworkbench/plugins/fr.ac6.mcu.externaltools.arm-none.win32_1.2.0.201505291716/tools/compiler/bin/../lib/gcc/arm-none-eabi/4.9.3/armv7e-m/crtbegin.o
                0x080093b4                PROVIDE (__fini_array_end, .)
                0x080093b4                _sidata = LOADADDR (.data)

.data           0x20000000      0x90c load address 0x080093b4
                0x20000000                . = ALIGN (0x4)
                0x20000000                _sdata = .
 *(.data)
 .data          0x20000000       0x58 src/SI5328.o
                0x20000000                SI5328_config
 .data          0x20000058       0x14 src/system_stm32f3xx.o
                0x20000058                AHBPrescTable
                0x20000068                SystemCoreClock
 *(.data*)
 *fill*         0x2000006c        0x4 
 .data.impure_data
                0x20000070      0x428 c:/dev/ac6/systemworkbench/plugins/fr.ac6.mcu.externaltools.arm-none.win32_1.2.0.201505291716/tools/compiler/bin/../lib/gcc/arm-none-eabi/4.9.3/../../../../arm-none-eabi/lib/armv7e-m\libc.a(lib_a-impure.o)
 .data._impure_ptr
                0x20000498        0x4 c:/dev/ac6/systemworkbench/plugins/fr.ac6.mcu.externaltools.arm-none.win32_1.2.0.201505291716/tools/compiler/bin/../lib/gcc/arm-none-eabi/4.9.3/../../../../arm-none-eabi/lib/armv7e-m\libc.a(lib_a-impure.o)
                0x20000498                _impure_ptr
 .data.lconv    0x2000049c       0x38 c:/dev/ac6/systemworkbench/plugins/fr.ac6.mcu.externaltools.arm-none.win32_1.2.0.201505291716/tools/compiler/bin/../lib/gcc/arm-none-eabi/4.9.3/../../../../arm-none-eabi/lib/armv7e-m\libc.a(lib_a-locale.o)
 .data.lc_ctype_charset
                0x200004d4       0x20 c:/dev/ac6/systemworkbench/plugins/fr.ac6.mcu.externaltools.arm-none.win32_1.2.0.201505291716/tools/compiler/bin/../lib/gcc/arm-none-eabi/4.9.3/../../../../arm-none-eabi/lib/armv7e-m\libc.a(lib_a-locale.o)
 .data.__mb_cur_max
                0x200004f4        0x4 c:/dev/ac6/systemworkbench/plugins/fr.ac6.mcu.externaltools.arm-none.win32_1.2.0.201505291716/tools/compiler/bin/../lib/gcc/arm-none-eabi/4.9.3/../../../../arm-none-eabi/lib/armv7e-m\libc.a(lib_a-locale.o)
                0x200004f4                __mb_cur_max
 .data.__malloc_av_
                0x200004f8      0x408 c:/dev/ac6/systemworkbench/plugins/fr.ac6.mcu.externaltools.arm-none.win32_1.2.0.201505291716/tools/compiler/bin/../lib/gcc/arm-none-eabi/4.9.3/../../../../arm-none-eabi/lib/armv7e-m\libc.a(lib_a-mallocr.o)
                0x200004f8                __malloc_av_
 .data.__malloc_trim_threshold
                0x20000900        0x4 c:/dev/ac6/systemworkbench/plugins/fr.ac6.mcu.externaltools.arm-none.win32_1.2.0.201505291716/tools/compiler/bin/../lib/gcc/arm-none-eabi/4.9.3/../../../../arm-none-eabi/lib/armv7e-m\libc.a(lib_a-mallocr.o)
                0x20000900                __malloc_trim_threshold
 .data.__malloc_sbrk_base
                0x20000904        0x4 c:/dev/ac6/systemworkbench/plugins/fr.ac6.mcu.externaltools.arm-none.win32_1.2.0.201505291716/tools/compiler/bin/../lib/gcc/arm-none-eabi/4.9.3/../../../../arm-none-eabi/lib/armv7e-m\libc.a(lib_a-mallocr.o)
                0x20000904                __malloc_sbrk_base
 .data.__wctomb
                0x20000908        0x4 c:/dev/ac6/systemworkbench/plugins/fr.ac6.mcu.externaltools.arm-none.win32_1.2.0.201505291716/tools/compiler/bin/../lib/gcc/arm-none-eabi/4.9.3/../../../../arm-none-eabi/lib/armv7e-m\libc.a(lib_a-wctomb_r.o)
                0x20000908                __wctomb
                0x2000090c                . = ALIGN (0x4)
                0x2000090c                _edata = .

.jcr            0x2000090c        0x0 load address 0x08009cc0
 .jcr           0x2000090c        0x0 c:/dev/ac6/systemworkbench/plugins/fr.ac6.mcu.externaltools.arm-none.win32_1.2.0.201505291716/tools/compiler/bin/../lib/gcc/arm-none-eabi/4.9.3/armv7e-m/crtbegin.o

.igot.plt       0x2000090c        0x0 load address 0x08009cc0
 .igot.plt      0x00000000        0x0 c:/dev/ac6/systemworkbench/plugins/fr.ac6.mcu.externaltools.arm-none.win32_1.2.0.201505291716/tools/compiler/bin/../lib/gcc/arm-none-eabi/4.9.3/armv7e-m/crtbegin.o
                0x2000090c                . = ALIGN (0x4)

.bss            0x2000090c      0x34c load address 0x08009cc0
                0x2000090c                _sbss = .
                0x2000090c                __bss_start__ = _sbss
 *(.bss)
 .bss           0x2000090c       0x1c c:/dev/ac6/systemworkbench/plugins/fr.ac6.mcu.externaltools.arm-none.win32_1.2.0.201505291716/tools/compiler/bin/../lib/gcc/arm-none-eabi/4.9.3/armv7e-m/crtbegin.o
 .bss           0x20000928       0x18 src/main.o
                0x20000928                overFlows
                0x2000092c                uhCaptureIndex
                0x20000930                uwIC2Value1
                0x20000934                uwIC2Value2
                0x20000938                uwDiffCapture
                0x2000093c                uwFrequency
 .bss           0x20000940        0x8 src/syscalls.o
                0x20000944                __env
 .bss           0x20000948        0x4 HAL_Driver/Src/stm32f3xx_hal.o
 *(.bss*)
 .bss.__malloc_max_total_mem
                0x2000094c        0x4 c:/dev/ac6/systemworkbench/plugins/fr.ac6.mcu.externaltools.arm-none.win32_1.2.0.201505291716/tools/compiler/bin/../lib/gcc/arm-none-eabi/4.9.3/../../../../arm-none-eabi/lib/armv7e-m\libc.a(lib_a-mallocr.o)
                0x2000094c                __malloc_max_total_mem
 .bss.__malloc_max_sbrked_mem
                0x20000950        0x4 c:/dev/ac6/systemworkbench/plugins/fr.ac6.mcu.externaltools.arm-none.win32_1.2.0.201505291716/tools/compiler/bin/../lib/gcc/arm-none-eabi/4.9.3/../../../../arm-none-eabi/lib/armv7e-m\libc.a(lib_a-mallocr.o)
                0x20000950                __malloc_max_sbrked_mem
 .bss.__malloc_top_pad
                0x20000954        0x4 c:/dev/ac6/systemworkbench/plugins/fr.ac6.mcu.externaltools.arm-none.win32_1.2.0.201505291716/tools/compiler/bin/../lib/gcc/arm-none-eabi/4.9.3/../../../../arm-none-eabi/lib/armv7e-m\libc.a(lib_a-mallocr.o)
                0x20000954                __malloc_top_pad
 .bss.__malloc_current_mallinfo
                0x20000958       0x28 c:/dev/ac6/systemworkbench/plugins/fr.ac6.mcu.externaltools.arm-none.win32_1.2.0.201505291716/tools/compiler/bin/../lib/gcc/arm-none-eabi/4.9.3/../../../../arm-none-eabi/lib/armv7e-m\libc.a(lib_a-mallocr.o)
                0x20000958                __malloc_current_mallinfo
 *(COMMON)
 COMMON         0x20000980      0x1b8 src/hrtim.o
                0x20000980                hhrtim1
                0x20000a5c                hhrtim
 COMMON         0x20000b38       0x38 src/i2c.o
                0x20000b38                hi2c1
 COMMON         0x20000b70       0x78 src/tim.o
                0x20000b70                htim2
                0x20000bac                htim16
 COMMON         0x20000be8       0x6c src/usart.o
                0x20000be8                huart2
 COMMON         0x20000c54        0x4 c:/dev/ac6/systemworkbench/plugins/fr.ac6.mcu.externaltools.arm-none.win32_1.2.0.201505291716/tools/compiler/bin/../lib/gcc/arm-none-eabi/4.9.3/../../../../arm-none-eabi/lib/armv7e-m\libc.a(lib_a-reent.o)
                0x20000c54                errno
                0x20000c58                . = ALIGN (0x4)
                0x20000c58                _ebss = .
                0x20000c58                __bss_end__ = _ebss

._user_heap_stack
                0x20000c58      0x600 load address 0x08009cc0
                0x20000c58                . = ALIGN (0x4)
                0x20000c58                PROVIDE (end, .)
                0x20000c58                PROVIDE (_end, .)
                0x20000e58                . = (. + _Min_Heap_Size)
 *fill*         0x20000c58      0x200 
                0x20001258                . = (. + _Min_Stack_Size)
 *fill*         0x20000e58      0x400 
                0x20001258                . = ALIGN (0x4)

/DISCARD/
 libc.a(*)
 libm.a(*)
 libgcc.a(*)

.ARM.attributes
                0x00000000       0x2a
 *(.ARM.attributes)
 .ARM.attributes
                0x00000000       0x1e c:/dev/ac6/systemworkbench/plugins/fr.ac6.mcu.externaltools.arm-none.win32_1.2.0.201505291716/tools/compiler/bin/../lib/gcc/arm-none-eabi/4.9.3/armv7e-m/crti.o
 .ARM.attributes
                0x0000001e       0x2e c:/dev/ac6/systemworkbench/plugins/fr.ac6.mcu.externaltools.arm-none.win32_1.2.0.201505291716/tools/compiler/bin/../lib/gcc/arm-none-eabi/4.9.3/armv7e-m/crtbegin.o
 .ARM.attributes
                0x0000004c       0x21 startup/startup_stm32f334x8.o
 .ARM.attributes
                0x0000006d       0x33 src/SI5328.o
 .ARM.attributes
                0x000000a0       0x33 src/gpio.o
 .ARM.attributes
                0x000000d3       0x33 src/hrtim.o
 .ARM.attributes
                0x00000106       0x33 src/i2c.o
 .ARM.attributes
                0x00000139       0x33 src/main.o
 .ARM.attributes
                0x0000016c       0x33 src/stm32f3xx_it.o
 .ARM.attributes
                0x0000019f       0x33 src/syscalls.o
 .ARM.attributes
                0x000001d2       0x33 src/system_stm32f3xx.o
 .ARM.attributes
                0x00000205       0x33 src/tim.o
 .ARM.attributes
                0x00000238       0x33 src/usart.o
 .ARM.attributes
                0x0000026b       0x33 HAL_Driver/Src/stm32f3xx_hal.o
 .ARM.attributes
                0x0000029e       0x33 HAL_Driver/Src/stm32f3xx_hal_cortex.o
 .ARM.attributes
                0x000002d1       0x33 HAL_Driver/Src/stm32f3xx_hal_gpio.o
 .ARM.attributes
                0x00000304       0x33 HAL_Driver/Src/stm32f3xx_hal_hrtim.o
 .ARM.attributes
                0x00000337       0x33 HAL_Driver/Src/stm32f3xx_hal_i2c.o
 .ARM.attributes
                0x0000036a       0x33 HAL_Driver/Src/stm32f3xx_hal_i2c_ex.o
 .ARM.attributes
                0x0000039d       0x33 HAL_Driver/Src/stm32f3xx_hal_msp_template.o
 .ARM.attributes
                0x000003d0       0x33 HAL_Driver/Src/stm32f3xx_hal_rcc.o
 .ARM.attributes
                0x00000403       0x33 HAL_Driver/Src/stm32f3xx_hal_rcc_ex.o
 .ARM.attributes
                0x00000436       0x33 HAL_Driver/Src/stm32f3xx_hal_tim.o
 .ARM.attributes
                0x00000469       0x33 HAL_Driver/Src/stm32f3xx_hal_tim_ex.o
 .ARM.attributes
                0x0000049c       0x33 HAL_Driver/Src/stm32f3xx_hal_uart.o
 .ARM.attributes
                0x000004cf       0x1e c:/dev/ac6/systemworkbench/plugins/fr.ac6.mcu.externaltools.arm-none.win32_1.2.0.201505291716/tools/compiler/bin/../lib/gcc/arm-none-eabi/4.9.3/armv7e-m\libgcc.a(_arm_addsubdf3.o)
 .ARM.attributes
                0x000004ed       0x1e c:/dev/ac6/systemworkbench/plugins/fr.ac6.mcu.externaltools.arm-none.win32_1.2.0.201505291716/tools/compiler/bin/../lib/gcc/arm-none-eabi/4.9.3/armv7e-m\libgcc.a(_arm_muldivdf3.o)
 .ARM.attributes
                0x0000050b       0x2e c:/dev/ac6/systemworkbench/plugins/fr.ac6.mcu.externaltools.arm-none.win32_1.2.0.201505291716/tools/compiler/bin/../lib/gcc/arm-none-eabi/4.9.3/../../../../arm-none-eabi/lib/armv7e-m\libc.a(lib_a-errno.o)
 .ARM.attributes
                0x00000539       0x2e c:/dev/ac6/systemworkbench/plugins/fr.ac6.mcu.externaltools.arm-none.win32_1.2.0.201505291716/tools/compiler/bin/../lib/gcc/arm-none-eabi/4.9.3/../../../../arm-none-eabi/lib/armv7e-m\libc.a(lib_a-impure.o)
 .ARM.attributes
                0x00000567       0x2e c:/dev/ac6/systemworkbench/plugins/fr.ac6.mcu.externaltools.arm-none.win32_1.2.0.201505291716/tools/compiler/bin/../lib/gcc/arm-none-eabi/4.9.3/../../../../arm-none-eabi/lib/armv7e-m\libc.a(lib_a-init.o)
 .ARM.attributes
                0x00000595       0x2e c:/dev/ac6/systemworkbench/plugins/fr.ac6.mcu.externaltools.arm-none.win32_1.2.0.201505291716/tools/compiler/bin/../lib/gcc/arm-none-eabi/4.9.3/../../../../arm-none-eabi/lib/armv7e-m\libc.a(lib_a-memset.o)
 .ARM.attributes
                0x000005c3       0x2e c:/dev/ac6/systemworkbench/plugins/fr.ac6.mcu.externaltools.arm-none.win32_1.2.0.201505291716/tools/compiler/bin/../lib/gcc/arm-none-eabi/4.9.3/../../../../arm-none-eabi/lib/armv7e-m\libc.a(lib_a-printf.o)
 .ARM.attributes
                0x000005f1       0x2e c:/dev/ac6/systemworkbench/plugins/fr.ac6.mcu.externaltools.arm-none.win32_1.2.0.201505291716/tools/compiler/bin/../lib/gcc/arm-none-eabi/4.9.3/../../../../arm-none-eabi/lib/armv7e-m\libc.a(lib_a-setvbuf.o)
 .ARM.attributes
                0x0000061f       0x2e c:/dev/ac6/systemworkbench/plugins/fr.ac6.mcu.externaltools.arm-none.win32_1.2.0.201505291716/tools/compiler/bin/../lib/gcc/arm-none-eabi/4.9.3/../../../../arm-none-eabi/lib/armv7e-m\libc.a(lib_a-vfprintf.o)
 .ARM.attributes
                0x0000064d       0x2e c:/dev/ac6/systemworkbench/plugins/fr.ac6.mcu.externaltools.arm-none.win32_1.2.0.201505291716/tools/compiler/bin/../lib/gcc/arm-none-eabi/4.9.3/../../../../arm-none-eabi/lib/armv7e-m\libc.a(lib_a-wsetup.o)
 .ARM.attributes
                0x0000067b       0x2e c:/dev/ac6/systemworkbench/plugins/fr.ac6.mcu.externaltools.arm-none.win32_1.2.0.201505291716/tools/compiler/bin/../lib/gcc/arm-none-eabi/4.9.3/../../../../arm-none-eabi/lib/armv7e-m\libc.a(lib_a-__call_atexit.o)
 .ARM.attributes
                0x000006a9       0x2e c:/dev/ac6/systemworkbench/plugins/fr.ac6.mcu.externaltools.arm-none.win32_1.2.0.201505291716/tools/compiler/bin/../lib/gcc/arm-none-eabi/4.9.3/../../../../arm-none-eabi/lib/armv7e-m\libc.a(lib_a-atexit.o)
 .ARM.attributes
                0x000006d7       0x2e c:/dev/ac6/systemworkbench/plugins/fr.ac6.mcu.externaltools.arm-none.win32_1.2.0.201505291716/tools/compiler/bin/../lib/gcc/arm-none-eabi/4.9.3/../../../../arm-none-eabi/lib/armv7e-m\libc.a(lib_a-dtoa.o)
 .ARM.attributes
                0x00000705       0x2e c:/dev/ac6/systemworkbench/plugins/fr.ac6.mcu.externaltools.arm-none.win32_1.2.0.201505291716/tools/compiler/bin/../lib/gcc/arm-none-eabi/4.9.3/../../../../arm-none-eabi/lib/armv7e-m\libc.a(lib_a-fflush.o)
 .ARM.attributes
                0x00000733       0x2e c:/dev/ac6/systemworkbench/plugins/fr.ac6.mcu.externaltools.arm-none.win32_1.2.0.201505291716/tools/compiler/bin/../lib/gcc/arm-none-eabi/4.9.3/../../../../arm-none-eabi/lib/armv7e-m\libc.a(lib_a-findfp.o)
 .ARM.attributes
                0x00000761       0x2e c:/dev/ac6/systemworkbench/plugins/fr.ac6.mcu.externaltools.arm-none.win32_1.2.0.201505291716/tools/compiler/bin/../lib/gcc/arm-none-eabi/4.9.3/../../../../arm-none-eabi/lib/armv7e-m\libc.a(lib_a-fini.o)
 .ARM.attributes
                0x0000078f       0x2e c:/dev/ac6/systemworkbench/plugins/fr.ac6.mcu.externaltools.arm-none.win32_1.2.0.201505291716/tools/compiler/bin/../lib/gcc/arm-none-eabi/4.9.3/../../../../arm-none-eabi/lib/armv7e-m\libc.a(lib_a-freer.o)
 .ARM.attributes
                0x000007bd       0x2e c:/dev/ac6/systemworkbench/plugins/fr.ac6.mcu.externaltools.arm-none.win32_1.2.0.201505291716/tools/compiler/bin/../lib/gcc/arm-none-eabi/4.9.3/../../../../arm-none-eabi/lib/armv7e-m\libc.a(lib_a-fwalk.o)
 .ARM.attributes
                0x000007eb       0x2e c:/dev/ac6/systemworkbench/plugins/fr.ac6.mcu.externaltools.arm-none.win32_1.2.0.201505291716/tools/compiler/bin/../lib/gcc/arm-none-eabi/4.9.3/../../../../arm-none-eabi/lib/armv7e-m\libc.a(lib_a-locale.o)
 .ARM.attributes
                0x00000819       0x2e c:/dev/ac6/systemworkbench/plugins/fr.ac6.mcu.externaltools.arm-none.win32_1.2.0.201505291716/tools/compiler/bin/../lib/gcc/arm-none-eabi/4.9.3/../../../../arm-none-eabi/lib/armv7e-m\libc.a(lib_a-makebuf.o)
 .ARM.attributes
                0x00000847       0x2e c:/dev/ac6/systemworkbench/plugins/fr.ac6.mcu.externaltools.arm-none.win32_1.2.0.201505291716/tools/compiler/bin/../lib/gcc/arm-none-eabi/4.9.3/../../../../arm-none-eabi/lib/armv7e-m\libc.a(lib_a-malloc.o)
 .ARM.attributes
                0x00000875       0x2e c:/dev/ac6/systemworkbench/plugins/fr.ac6.mcu.externaltools.arm-none.win32_1.2.0.201505291716/tools/compiler/bin/../lib/gcc/arm-none-eabi/4.9.3/../../../../arm-none-eabi/lib/armv7e-m\libc.a(lib_a-mallocr.o)
 .ARM.attributes
                0x000008a3       0x2e c:/dev/ac6/systemworkbench/plugins/fr.ac6.mcu.externaltools.arm-none.win32_1.2.0.201505291716/tools/compiler/bin/../lib/gcc/arm-none-eabi/4.9.3/../../../../arm-none-eabi/lib/armv7e-m\libc.a(lib_a-memchr.o)
 .ARM.attributes
                0x000008d1       0x1c c:/dev/ac6/systemworkbench/plugins/fr.ac6.mcu.externaltools.arm-none.win32_1.2.0.201505291716/tools/compiler/bin/../lib/gcc/arm-none-eabi/4.9.3/../../../../arm-none-eabi/lib/armv7e-m\libc.a(lib_a-memcpy.o)
 .ARM.attributes
                0x000008ed       0x2e c:/dev/ac6/systemworkbench/plugins/fr.ac6.mcu.externaltools.arm-none.win32_1.2.0.201505291716/tools/compiler/bin/../lib/gcc/arm-none-eabi/4.9.3/../../../../arm-none-eabi/lib/armv7e-m\libc.a(lib_a-mlock.o)
 .ARM.attributes
                0x0000091b       0x2e c:/dev/ac6/systemworkbench/plugins/fr.ac6.mcu.externaltools.arm-none.win32_1.2.0.201505291716/tools/compiler/bin/../lib/gcc/arm-none-eabi/4.9.3/../../../../arm-none-eabi/lib/armv7e-m\libc.a(lib_a-mprec.o)
 .ARM.attributes
                0x00000949       0x2e c:/dev/ac6/systemworkbench/plugins/fr.ac6.mcu.externaltools.arm-none.win32_1.2.0.201505291716/tools/compiler/bin/../lib/gcc/arm-none-eabi/4.9.3/../../../../arm-none-eabi/lib/armv7e-m\libc.a(lib_a-s_fpclassify.o)
 .ARM.attributes
                0x00000977       0x2e c:/dev/ac6/systemworkbench/plugins/fr.ac6.mcu.externaltools.arm-none.win32_1.2.0.201505291716/tools/compiler/bin/../lib/gcc/arm-none-eabi/4.9.3/../../../../arm-none-eabi/lib/armv7e-m\libc.a(lib_a-sbrkr.o)
 .ARM.attributes
                0x000009a5       0x2e c:/dev/ac6/systemworkbench/plugins/fr.ac6.mcu.externaltools.arm-none.win32_1.2.0.201505291716/tools/compiler/bin/../lib/gcc/arm-none-eabi/4.9.3/../../../../arm-none-eabi/lib/armv7e-m\libc.a(lib_a-stdio.o)
 .ARM.attributes
                0x000009d3       0x2e c:/dev/ac6/systemworkbench/plugins/fr.ac6.mcu.externaltools.arm-none.win32_1.2.0.201505291716/tools/compiler/bin/../lib/gcc/arm-none-eabi/4.9.3/../../../../arm-none-eabi/lib/armv7e-m\libc.a(lib_a-strlen.o)
 .ARM.attributes
                0x00000a01       0x2e c:/dev/ac6/systemworkbench/plugins/fr.ac6.mcu.externaltools.arm-none.win32_1.2.0.201505291716/tools/compiler/bin/../lib/gcc/arm-none-eabi/4.9.3/../../../../arm-none-eabi/lib/armv7e-m\libc.a(lib_a-vfiprintf.o)
 .ARM.attributes
                0x00000a2f       0x2e c:/dev/ac6/systemworkbench/plugins/fr.ac6.mcu.externaltools.arm-none.win32_1.2.0.201505291716/tools/compiler/bin/../lib/gcc/arm-none-eabi/4.9.3/../../../../arm-none-eabi/lib/armv7e-m\libc.a(lib_a-writer.o)
 .ARM.attributes
                0x00000a5d       0x2e c:/dev/ac6/systemworkbench/plugins/fr.ac6.mcu.externaltools.arm-none.win32_1.2.0.201505291716/tools/compiler/bin/../lib/gcc/arm-none-eabi/4.9.3/../../../../arm-none-eabi/lib/armv7e-m\libc.a(lib_a-__atexit.o)
 .ARM.attributes
                0x00000a8b       0x2e c:/dev/ac6/systemworkbench/plugins/fr.ac6.mcu.externaltools.arm-none.win32_1.2.0.201505291716/tools/compiler/bin/../lib/gcc/arm-none-eabi/4.9.3/../../../../arm-none-eabi/lib/armv7e-m\libc.a(lib_a-callocr.o)
 .ARM.attributes
                0x00000ab9       0x2e c:/dev/ac6/systemworkbench/plugins/fr.ac6.mcu.externaltools.arm-none.win32_1.2.0.201505291716/tools/compiler/bin/../lib/gcc/arm-none-eabi/4.9.3/../../../../arm-none-eabi/lib/armv7e-m\libc.a(lib_a-closer.o)
 .ARM.attributes
                0x00000ae7       0x2e c:/dev/ac6/systemworkbench/plugins/fr.ac6.mcu.externaltools.arm-none.win32_1.2.0.201505291716/tools/compiler/bin/../lib/gcc/arm-none-eabi/4.9.3/../../../../arm-none-eabi/lib/armv7e-m\libc.a(lib_a-fclose.o)
 .ARM.attributes
                0x00000b15       0x2e c:/dev/ac6/systemworkbench/plugins/fr.ac6.mcu.externaltools.arm-none.win32_1.2.0.201505291716/tools/compiler/bin/../lib/gcc/arm-none-eabi/4.9.3/../../../../arm-none-eabi/lib/armv7e-m\libc.a(lib_a-fputwc.o)
 .ARM.attributes
                0x00000b43       0x2e c:/dev/ac6/systemworkbench/plugins/fr.ac6.mcu.externaltools.arm-none.win32_1.2.0.201505291716/tools/compiler/bin/../lib/gcc/arm-none-eabi/4.9.3/../../../../arm-none-eabi/lib/armv7e-m\libc.a(lib_a-fstatr.o)
 .ARM.attributes
                0x00000b71       0x2e c:/dev/ac6/systemworkbench/plugins/fr.ac6.mcu.externaltools.arm-none.win32_1.2.0.201505291716/tools/compiler/bin/../lib/gcc/arm-none-eabi/4.9.3/../../../../arm-none-eabi/lib/armv7e-m\libc.a(lib_a-fvwrite.o)
 .ARM.attributes
                0x00000b9f       0x2e c:/dev/ac6/systemworkbench/plugins/fr.ac6.mcu.externaltools.arm-none.win32_1.2.0.201505291716/tools/compiler/bin/../lib/gcc/arm-none-eabi/4.9.3/../../../../arm-none-eabi/lib/armv7e-m\libc.a(lib_a-isattyr.o)
 .ARM.attributes
                0x00000bcd       0x2e c:/dev/ac6/systemworkbench/plugins/fr.ac6.mcu.externaltools.arm-none.win32_1.2.0.201505291716/tools/compiler/bin/../lib/gcc/arm-none-eabi/4.9.3/../../../../arm-none-eabi/lib/armv7e-m\libc.a(lib_a-lseekr.o)
 .ARM.attributes
                0x00000bfb       0x2e c:/dev/ac6/systemworkbench/plugins/fr.ac6.mcu.externaltools.arm-none.win32_1.2.0.201505291716/tools/compiler/bin/../lib/gcc/arm-none-eabi/4.9.3/../../../../arm-none-eabi/lib/armv7e-m\libc.a(lib_a-memmove.o)
 .ARM.attributes
                0x00000c29       0x2e c:/dev/ac6/systemworkbench/plugins/fr.ac6.mcu.externaltools.arm-none.win32_1.2.0.201505291716/tools/compiler/bin/../lib/gcc/arm-none-eabi/4.9.3/../../../../arm-none-eabi/lib/armv7e-m\libc.a(lib_a-readr.o)
 .ARM.attributes
                0x00000c57       0x2e c:/dev/ac6/systemworkbench/plugins/fr.ac6.mcu.externaltools.arm-none.win32_1.2.0.201505291716/tools/compiler/bin/../lib/gcc/arm-none-eabi/4.9.3/../../../../arm-none-eabi/lib/armv7e-m\libc.a(lib_a-reallocr.o)
 .ARM.attributes
                0x00000c85       0x2e c:/dev/ac6/systemworkbench/plugins/fr.ac6.mcu.externaltools.arm-none.win32_1.2.0.201505291716/tools/compiler/bin/../lib/gcc/arm-none-eabi/4.9.3/../../../../arm-none-eabi/lib/armv7e-m\libc.a(lib_a-reent.o)
 .ARM.attributes
                0x00000cb3       0x2e c:/dev/ac6/systemworkbench/plugins/fr.ac6.mcu.externaltools.arm-none.win32_1.2.0.201505291716/tools/compiler/bin/../lib/gcc/arm-none-eabi/4.9.3/../../../../arm-none-eabi/lib/armv7e-m\libc.a(lib_a-wbuf.o)
 .ARM.attributes
                0x00000ce1       0x2e c:/dev/ac6/systemworkbench/plugins/fr.ac6.mcu.externaltools.arm-none.win32_1.2.0.201505291716/tools/compiler/bin/../lib/gcc/arm-none-eabi/4.9.3/../../../../arm-none-eabi/lib/armv7e-m\libc.a(lib_a-wcrtomb.o)
 .ARM.attributes
                0x00000d0f       0x2e c:/dev/ac6/systemworkbench/plugins/fr.ac6.mcu.externaltools.arm-none.win32_1.2.0.201505291716/tools/compiler/bin/../lib/gcc/arm-none-eabi/4.9.3/../../../../arm-none-eabi/lib/armv7e-m\libc.a(lib_a-wctomb_r.o)
 .ARM.attributes
                0x00000d3d       0x1e c:/dev/ac6/systemworkbench/plugins/fr.ac6.mcu.externaltools.arm-none.win32_1.2.0.201505291716/tools/compiler/bin/../lib/gcc/arm-none-eabi/4.9.3/armv7e-m\libgcc.a(_arm_cmpdf2.o)
 .ARM.attributes
                0x00000d5b       0x1e c:/dev/ac6/systemworkbench/plugins/fr.ac6.mcu.externaltools.arm-none.win32_1.2.0.201505291716/tools/compiler/bin/../lib/gcc/arm-none-eabi/4.9.3/armv7e-m\libgcc.a(_arm_fixdfsi.o)
 .ARM.attributes
                0x00000d79       0x1e c:/dev/ac6/systemworkbench/plugins/fr.ac6.mcu.externaltools.arm-none.win32_1.2.0.201505291716/tools/compiler/bin/../lib/gcc/arm-none-eabi/4.9.3/armv7e-m\libgcc.a(_aeabi_uldivmod.o)
 .ARM.attributes
                0x00000d97       0x2e c:/dev/ac6/systemworkbench/plugins/fr.ac6.mcu.externaltools.arm-none.win32_1.2.0.201505291716/tools/compiler/bin/../lib/gcc/arm-none-eabi/4.9.3/armv7e-m\libgcc.a(bpabi.o)
 .ARM.attributes
                0x00000dc5       0x1e c:/dev/ac6/systemworkbench/plugins/fr.ac6.mcu.externaltools.arm-none.win32_1.2.0.201505291716/tools/compiler/bin/../lib/gcc/arm-none-eabi/4.9.3/armv7e-m\libgcc.a(_dvmd_tls.o)
 .ARM.attributes
                0x00000de3       0x2e c:/dev/ac6/systemworkbench/plugins/fr.ac6.mcu.externaltools.arm-none.win32_1.2.0.201505291716/tools/compiler/bin/../lib/gcc/arm-none-eabi/4.9.3/armv7e-m\libgcc.a(_divdi3.o)
 .ARM.attributes
                0x00000e11       0x2e c:/dev/ac6/systemworkbench/plugins/fr.ac6.mcu.externaltools.arm-none.win32_1.2.0.201505291716/tools/compiler/bin/../lib/gcc/arm-none-eabi/4.9.3/armv7e-m\libgcc.a(_udivdi3.o)
 .ARM.attributes
                0x00000e3f       0x1e c:/dev/ac6/systemworkbench/plugins/fr.ac6.mcu.externaltools.arm-none.win32_1.2.0.201505291716/tools/compiler/bin/../lib/gcc/arm-none-eabi/4.9.3/armv7e-m/crtn.o
OUTPUT(DelayGenerator.elf elf32-littlearm)

.debug_line     0x00000000       0x7f
 .debug_line    0x00000000       0x7f startup/startup_stm32f334x8.o

.debug_info     0x00000000       0x6d
 .debug_info    0x00000000       0x6d startup/startup_stm32f334x8.o

.debug_abbrev   0x00000000       0x12
 .debug_abbrev  0x00000000       0x12 startup/startup_stm32f334x8.o

.debug_aranges  0x00000000       0x28
 .debug_aranges
                0x00000000       0x28 startup/startup_stm32f334x8.o

.debug_ranges   0x00000000       0x20
 .debug_ranges  0x00000000       0x20 startup/startup_stm32f334x8.o

.comment        0x00000000       0x70
 .comment       0x00000000       0x70 src/SI5328.o
                                 0x71 (size before relaxing)
 .comment       0x00000000       0x71 src/gpio.o
 .comment       0x00000000       0x71 src/hrtim.o
 .comment       0x00000000       0x71 src/i2c.o
 .comment       0x00000000       0x71 src/main.o
 .comment       0x00000000       0x71 src/stm32f3xx_it.o
 .comment       0x00000000       0x71 src/syscalls.o
 .comment       0x00000000       0x71 src/system_stm32f3xx.o
 .comment       0x00000000       0x71 src/tim.o
 .comment       0x00000000       0x71 src/usart.o
 .comment       0x00000000       0x71 HAL_Driver/Src/stm32f3xx_hal.o
 .comment       0x00000000       0x71 HAL_Driver/Src/stm32f3xx_hal_cortex.o
 .comment       0x00000000       0x71 HAL_Driver/Src/stm32f3xx_hal_gpio.o
 .comment       0x00000000       0x71 HAL_Driver/Src/stm32f3xx_hal_hrtim.o
 .comment       0x00000000       0x71 HAL_Driver/Src/stm32f3xx_hal_i2c.o
 .comment       0x00000000       0x71 HAL_Driver/Src/stm32f3xx_hal_i2c_ex.o
 .comment       0x00000000       0x71 HAL_Driver/Src/stm32f3xx_hal_msp_template.o
 .comment       0x00000000       0x71 HAL_Driver/Src/stm32f3xx_hal_rcc.o
 .comment       0x00000000       0x71 HAL_Driver/Src/stm32f3xx_hal_rcc_ex.o
 .comment       0x00000000       0x71 HAL_Driver/Src/stm32f3xx_hal_tim.o
 .comment       0x00000000       0x71 HAL_Driver/Src/stm32f3xx_hal_tim_ex.o
 .comment       0x00000000       0x71 HAL_Driver/Src/stm32f3xx_hal_uart.o

.debug_frame    0x00000000     0x10c0
 .debug_frame   0x00000000       0x20 c:/dev/ac6/systemworkbench/plugins/fr.ac6.mcu.externaltools.arm-none.win32_1.2.0.201505291716/tools/compiler/bin/../lib/gcc/arm-none-eabi/4.9.3/../../../../arm-none-eabi/lib/armv7e-m\libc.a(lib_a-errno.o)
 .debug_frame   0x00000020       0x2c c:/dev/ac6/systemworkbench/plugins/fr.ac6.mcu.externaltools.arm-none.win32_1.2.0.201505291716/tools/compiler/bin/../lib/gcc/arm-none-eabi/4.9.3/../../../../arm-none-eabi/lib/armv7e-m\libc.a(lib_a-init.o)
 .debug_frame   0x0000004c       0x34 c:/dev/ac6/systemworkbench/plugins/fr.ac6.mcu.externaltools.arm-none.win32_1.2.0.201505291716/tools/compiler/bin/../lib/gcc/arm-none-eabi/4.9.3/../../../../arm-none-eabi/lib/armv7e-m\libc.a(lib_a-memset.o)
 .debug_frame   0x00000080       0x74 c:/dev/ac6/systemworkbench/plugins/fr.ac6.mcu.externaltools.arm-none.win32_1.2.0.201505291716/tools/compiler/bin/../lib/gcc/arm-none-eabi/4.9.3/../../../../arm-none-eabi/lib/armv7e-m\libc.a(lib_a-printf.o)
 .debug_frame   0x000000f4       0x30 c:/dev/ac6/systemworkbench/plugins/fr.ac6.mcu.externaltools.arm-none.win32_1.2.0.201505291716/tools/compiler/bin/../lib/gcc/arm-none-eabi/4.9.3/../../../../arm-none-eabi/lib/armv7e-m\libc.a(lib_a-setvbuf.o)
 .debug_frame   0x00000124       0x90 c:/dev/ac6/systemworkbench/plugins/fr.ac6.mcu.externaltools.arm-none.win32_1.2.0.201505291716/tools/compiler/bin/../lib/gcc/arm-none-eabi/4.9.3/../../../../arm-none-eabi/lib/armv7e-m\libc.a(lib_a-vfprintf.o)
 .debug_frame   0x000001b4       0x2c c:/dev/ac6/systemworkbench/plugins/fr.ac6.mcu.externaltools.arm-none.win32_1.2.0.201505291716/tools/compiler/bin/../lib/gcc/arm-none-eabi/4.9.3/../../../../arm-none-eabi/lib/armv7e-m\libc.a(lib_a-wsetup.o)
 .debug_frame   0x000001e0       0x50 c:/dev/ac6/systemworkbench/plugins/fr.ac6.mcu.externaltools.arm-none.win32_1.2.0.201505291716/tools/compiler/bin/../lib/gcc/arm-none-eabi/4.9.3/../../../../arm-none-eabi/lib/armv7e-m\libc.a(lib_a-__call_atexit.o)
 .debug_frame   0x00000230       0x20 c:/dev/ac6/systemworkbench/plugins/fr.ac6.mcu.externaltools.arm-none.win32_1.2.0.201505291716/tools/compiler/bin/../lib/gcc/arm-none-eabi/4.9.3/../../../../arm-none-eabi/lib/armv7e-m\libc.a(lib_a-atexit.o)
 .debug_frame   0x00000250       0x88 c:/dev/ac6/systemworkbench/plugins/fr.ac6.mcu.externaltools.arm-none.win32_1.2.0.201505291716/tools/compiler/bin/../lib/gcc/arm-none-eabi/4.9.3/../../../../arm-none-eabi/lib/armv7e-m\libc.a(lib_a-dtoa.o)
 .debug_frame   0x000002d8       0x6c c:/dev/ac6/systemworkbench/plugins/fr.ac6.mcu.externaltools.arm-none.win32_1.2.0.201505291716/tools/compiler/bin/../lib/gcc/arm-none-eabi/4.9.3/../../../../arm-none-eabi/lib/armv7e-m\libc.a(lib_a-fflush.o)
 .debug_frame   0x00000344      0x124 c:/dev/ac6/systemworkbench/plugins/fr.ac6.mcu.externaltools.arm-none.win32_1.2.0.201505291716/tools/compiler/bin/../lib/gcc/arm-none-eabi/4.9.3/../../../../arm-none-eabi/lib/armv7e-m\libc.a(lib_a-findfp.o)
 .debug_frame   0x00000468       0x34 c:/dev/ac6/systemworkbench/plugins/fr.ac6.mcu.externaltools.arm-none.win32_1.2.0.201505291716/tools/compiler/bin/../lib/gcc/arm-none-eabi/4.9.3/../../../../arm-none-eabi/lib/armv7e-m\libc.a(lib_a-fini.o)
 .debug_frame   0x0000049c       0x74 c:/dev/ac6/systemworkbench/plugins/fr.ac6.mcu.externaltools.arm-none.win32_1.2.0.201505291716/tools/compiler/bin/../lib/gcc/arm-none-eabi/4.9.3/../../../../arm-none-eabi/lib/armv7e-m\libc.a(lib_a-freer.o)
 .debug_frame   0x00000510       0x54 c:/dev/ac6/systemworkbench/plugins/fr.ac6.mcu.externaltools.arm-none.win32_1.2.0.201505291716/tools/compiler/bin/../lib/gcc/arm-none-eabi/4.9.3/../../../../arm-none-eabi/lib/armv7e-m\libc.a(lib_a-fwalk.o)
 .debug_frame   0x00000564       0x9c c:/dev/ac6/systemworkbench/plugins/fr.ac6.mcu.externaltools.arm-none.win32_1.2.0.201505291716/tools/compiler/bin/../lib/gcc/arm-none-eabi/4.9.3/../../../../arm-none-eabi/lib/armv7e-m\libc.a(lib_a-locale.o)
 .debug_frame   0x00000600       0x48 c:/dev/ac6/systemworkbench/plugins/fr.ac6.mcu.externaltools.arm-none.win32_1.2.0.201505291716/tools/compiler/bin/../lib/gcc/arm-none-eabi/4.9.3/../../../../arm-none-eabi/lib/armv7e-m\libc.a(lib_a-makebuf.o)
 .debug_frame   0x00000648       0x30 c:/dev/ac6/systemworkbench/plugins/fr.ac6.mcu.externaltools.arm-none.win32_1.2.0.201505291716/tools/compiler/bin/../lib/gcc/arm-none-eabi/4.9.3/../../../../arm-none-eabi/lib/armv7e-m\libc.a(lib_a-malloc.o)
 .debug_frame   0x00000678       0x58 c:/dev/ac6/systemworkbench/plugins/fr.ac6.mcu.externaltools.arm-none.win32_1.2.0.201505291716/tools/compiler/bin/../lib/gcc/arm-none-eabi/4.9.3/../../../../arm-none-eabi/lib/armv7e-m\libc.a(lib_a-mallocr.o)
 .debug_frame   0x000006d0       0x3c c:/dev/ac6/systemworkbench/plugins/fr.ac6.mcu.externaltools.arm-none.win32_1.2.0.201505291716/tools/compiler/bin/../lib/gcc/arm-none-eabi/4.9.3/../../../../arm-none-eabi/lib/armv7e-m\libc.a(lib_a-memchr.o)
 .debug_frame   0x0000070c       0x30 c:/dev/ac6/systemworkbench/plugins/fr.ac6.mcu.externaltools.arm-none.win32_1.2.0.201505291716/tools/compiler/bin/../lib/gcc/arm-none-eabi/4.9.3/../../../../arm-none-eabi/lib/armv7e-m\libc.a(lib_a-mlock.o)
 .debug_frame   0x0000073c      0x268 c:/dev/ac6/systemworkbench/plugins/fr.ac6.mcu.externaltools.arm-none.win32_1.2.0.201505291716/tools/compiler/bin/../lib/gcc/arm-none-eabi/4.9.3/../../../../arm-none-eabi/lib/armv7e-m\libc.a(lib_a-mprec.o)
 .debug_frame   0x000009a4       0x34 c:/dev/ac6/systemworkbench/plugins/fr.ac6.mcu.externaltools.arm-none.win32_1.2.0.201505291716/tools/compiler/bin/../lib/gcc/arm-none-eabi/4.9.3/../../../../arm-none-eabi/lib/armv7e-m\libc.a(lib_a-s_fpclassify.o)
 .debug_frame   0x000009d8       0x2c c:/dev/ac6/systemworkbench/plugins/fr.ac6.mcu.externaltools.arm-none.win32_1.2.0.201505291716/tools/compiler/bin/../lib/gcc/arm-none-eabi/4.9.3/../../../../arm-none-eabi/lib/armv7e-m\libc.a(lib_a-sbrkr.o)
 .debug_frame   0x00000a04       0x88 c:/dev/ac6/systemworkbench/plugins/fr.ac6.mcu.externaltools.arm-none.win32_1.2.0.201505291716/tools/compiler/bin/../lib/gcc/arm-none-eabi/4.9.3/../../../../arm-none-eabi/lib/armv7e-m\libc.a(lib_a-stdio.o)
 .debug_frame   0x00000a8c       0x20 c:/dev/ac6/systemworkbench/plugins/fr.ac6.mcu.externaltools.arm-none.win32_1.2.0.201505291716/tools/compiler/bin/../lib/gcc/arm-none-eabi/4.9.3/../../../../arm-none-eabi/lib/armv7e-m\libc.a(lib_a-strlen.o)
 .debug_frame   0x00000aac       0xd8 c:/dev/ac6/systemworkbench/plugins/fr.ac6.mcu.externaltools.arm-none.win32_1.2.0.201505291716/tools/compiler/bin/../lib/gcc/arm-none-eabi/4.9.3/../../../../arm-none-eabi/lib/armv7e-m\libc.a(lib_a-vfiprintf.o)
 .debug_frame   0x00000b84       0x2c c:/dev/ac6/systemworkbench/plugins/fr.ac6.mcu.externaltools.arm-none.win32_1.2.0.201505291716/tools/compiler/bin/../lib/gcc/arm-none-eabi/4.9.3/../../../../arm-none-eabi/lib/armv7e-m\libc.a(lib_a-writer.o)
 .debug_frame   0x00000bb0       0x34 c:/dev/ac6/systemworkbench/plugins/fr.ac6.mcu.externaltools.arm-none.win32_1.2.0.201505291716/tools/compiler/bin/../lib/gcc/arm-none-eabi/4.9.3/../../../../arm-none-eabi/lib/armv7e-m\libc.a(lib_a-__atexit.o)
 .debug_frame   0x00000be4       0x28 c:/dev/ac6/systemworkbench/plugins/fr.ac6.mcu.externaltools.arm-none.win32_1.2.0.201505291716/tools/compiler/bin/../lib/gcc/arm-none-eabi/4.9.3/../../../../arm-none-eabi/lib/armv7e-m\libc.a(lib_a-callocr.o)
 .debug_frame   0x00000c0c       0x2c c:/dev/ac6/systemworkbench/plugins/fr.ac6.mcu.externaltools.arm-none.win32_1.2.0.201505291716/tools/compiler/bin/../lib/gcc/arm-none-eabi/4.9.3/../../../../arm-none-eabi/lib/armv7e-m\libc.a(lib_a-closer.o)
 .debug_frame   0x00000c38       0x44 c:/dev/ac6/systemworkbench/plugins/fr.ac6.mcu.externaltools.arm-none.win32_1.2.0.201505291716/tools/compiler/bin/../lib/gcc/arm-none-eabi/4.9.3/../../../../arm-none-eabi/lib/armv7e-m\libc.a(lib_a-fclose.o)
 .debug_frame   0x00000c7c       0x84 c:/dev/ac6/systemworkbench/plugins/fr.ac6.mcu.externaltools.arm-none.win32_1.2.0.201505291716/tools/compiler/bin/../lib/gcc/arm-none-eabi/4.9.3/../../../../arm-none-eabi/lib/armv7e-m\libc.a(lib_a-fputwc.o)
 .debug_frame   0x00000d00       0x2c c:/dev/ac6/systemworkbench/plugins/fr.ac6.mcu.externaltools.arm-none.win32_1.2.0.201505291716/tools/compiler/bin/../lib/gcc/arm-none-eabi/4.9.3/../../../../arm-none-eabi/lib/armv7e-m\libc.a(lib_a-fstatr.o)
 .debug_frame   0x00000d2c       0x68 c:/dev/ac6/systemworkbench/plugins/fr.ac6.mcu.externaltools.arm-none.win32_1.2.0.201505291716/tools/compiler/bin/../lib/gcc/arm-none-eabi/4.9.3/../../../../arm-none-eabi/lib/armv7e-m\libc.a(lib_a-fvwrite.o)
 .debug_frame   0x00000d94       0x2c c:/dev/ac6/systemworkbench/plugins/fr.ac6.mcu.externaltools.arm-none.win32_1.2.0.201505291716/tools/compiler/bin/../lib/gcc/arm-none-eabi/4.9.3/../../../../arm-none-eabi/lib/armv7e-m\libc.a(lib_a-isattyr.o)
 .debug_frame   0x00000dc0       0x2c c:/dev/ac6/systemworkbench/plugins/fr.ac6.mcu.externaltools.arm-none.win32_1.2.0.201505291716/tools/compiler/bin/../lib/gcc/arm-none-eabi/4.9.3/../../../../arm-none-eabi/lib/armv7e-m\libc.a(lib_a-lseekr.o)
 .debug_frame   0x00000dec       0x30 c:/dev/ac6/systemworkbench/plugins/fr.ac6.mcu.externaltools.arm-none.win32_1.2.0.201505291716/tools/compiler/bin/../lib/gcc/arm-none-eabi/4.9.3/../../../../arm-none-eabi/lib/armv7e-m\libc.a(lib_a-memmove.o)
 .debug_frame   0x00000e1c       0x2c c:/dev/ac6/systemworkbench/plugins/fr.ac6.mcu.externaltools.arm-none.win32_1.2.0.201505291716/tools/compiler/bin/../lib/gcc/arm-none-eabi/4.9.3/../../../../arm-none-eabi/lib/armv7e-m\libc.a(lib_a-readr.o)
 .debug_frame   0x00000e48       0x60 c:/dev/ac6/systemworkbench/plugins/fr.ac6.mcu.externaltools.arm-none.win32_1.2.0.201505291716/tools/compiler/bin/../lib/gcc/arm-none-eabi/4.9.3/../../../../arm-none-eabi/lib/armv7e-m\libc.a(lib_a-reallocr.o)
 .debug_frame   0x00000ea8       0x58 c:/dev/ac6/systemworkbench/plugins/fr.ac6.mcu.externaltools.arm-none.win32_1.2.0.201505291716/tools/compiler/bin/../lib/gcc/arm-none-eabi/4.9.3/../../../../arm-none-eabi/lib/armv7e-m\libc.a(lib_a-reent.o)
 .debug_frame   0x00000f00       0x3c c:/dev/ac6/systemworkbench/plugins/fr.ac6.mcu.externaltools.arm-none.win32_1.2.0.201505291716/tools/compiler/bin/../lib/gcc/arm-none-eabi/4.9.3/../../../../arm-none-eabi/lib/armv7e-m\libc.a(lib_a-wbuf.o)
 .debug_frame   0x00000f3c       0x60 c:/dev/ac6/systemworkbench/plugins/fr.ac6.mcu.externaltools.arm-none.win32_1.2.0.201505291716/tools/compiler/bin/../lib/gcc/arm-none-eabi/4.9.3/../../../../arm-none-eabi/lib/armv7e-m\libc.a(lib_a-wcrtomb.o)
 .debug_frame   0x00000f9c       0x48 c:/dev/ac6/systemworkbench/plugins/fr.ac6.mcu.externaltools.arm-none.win32_1.2.0.201505291716/tools/compiler/bin/../lib/gcc/arm-none-eabi/4.9.3/../../../../arm-none-eabi/lib/armv7e-m\libc.a(lib_a-wctomb_r.o)
 .debug_frame   0x00000fe4       0x28 c:/dev/ac6/systemworkbench/plugins/fr.ac6.mcu.externaltools.arm-none.win32_1.2.0.201505291716/tools/compiler/bin/../lib/gcc/arm-none-eabi/4.9.3/armv7e-m\libgcc.a(_aeabi_uldivmod.o)
 .debug_frame   0x0000100c       0x50 c:/dev/ac6/systemworkbench/plugins/fr.ac6.mcu.externaltools.arm-none.win32_1.2.0.201505291716/tools/compiler/bin/../lib/gcc/arm-none-eabi/4.9.3/armv7e-m\libgcc.a(bpabi.o)
 .debug_frame   0x0000105c       0x34 c:/dev/ac6/systemworkbench/plugins/fr.ac6.mcu.externaltools.arm-none.win32_1.2.0.201505291716/tools/compiler/bin/../lib/gcc/arm-none-eabi/4.9.3/armv7e-m\libgcc.a(_divdi3.o)